Archive member included to satisfy reference by file (symbol)

e:/sriraj/nxp/ide/plugins/com.nxp.mcuxpresso.tools.win32_11.6.0.202112161359/tools/bin/../lib/gcc/arm-none-eabi/10.3.1/../../../../arm-none-eabi/lib/thumb/v6-m/nofp\libcr_semihost_nf.a(_cr__main.o)
                              ./startup/startup_mkl25z4.o (__main)
e:/sriraj/nxp/ide/plugins/com.nxp.mcuxpresso.tools.win32_11.6.0.202112161359/tools/bin/../lib/gcc/arm-none-eabi/10.3.1/../../../../arm-none-eabi/lib/thumb/v6-m/nofp\libcr_semihost_nf.a(_cr_assert.o)
                              ./drivers/fsl_clock.o (__assertion_failed)
e:/sriraj/nxp/ide/plugins/com.nxp.mcuxpresso.tools.win32_11.6.0.202112161359/tools/bin/../lib/gcc/arm-none-eabi/10.3.1/../../../../arm-none-eabi/lib/thumb/v6-m/nofp\libcr_semihost_nf.a(__ciob.o)
                              e:/sriraj/nxp/ide/plugins/com.nxp.mcuxpresso.tools.win32_11.6.0.202112161359/tools/bin/../lib/gcc/arm-none-eabi/10.3.1/../../../../arm-none-eabi/lib/thumb/v6-m/nofp\libcr_semihost_nf.a(_cr_assert.o) (__Ciob)
e:/sriraj/nxp/ide/plugins/com.nxp.mcuxpresso.tools.win32_11.6.0.202112161359/tools/bin/../lib/gcc/arm-none-eabi/10.3.1/../../../../arm-none-eabi/lib/thumb/v6-m/nofp\libcr_semihost_nf.a(__sys_appexit.o)
                              e:/sriraj/nxp/ide/plugins/com.nxp.mcuxpresso.tools.win32_11.6.0.202112161359/tools/bin/../lib/gcc/arm-none-eabi/10.3.1/../../../../arm-none-eabi/lib/thumb/v6-m/nofp\libcr_semihost_nf.a(_cr_assert.o) (__sys_appexit)
e:/sriraj/nxp/ide/plugins/com.nxp.mcuxpresso.tools.win32_11.6.0.202112161359/tools/bin/../lib/gcc/arm-none-eabi/10.3.1/../../../../arm-none-eabi/lib/thumb/v6-m/nofp\libcr_c.a(memcpy.o)
                              ./drivers/fsl_flash.o (memcpy)
e:/sriraj/nxp/ide/plugins/com.nxp.mcuxpresso.tools.win32_11.6.0.202112161359/tools/bin/../lib/gcc/arm-none-eabi/10.3.1/../../../../arm-none-eabi/lib/thumb/v6-m/nofp\libcr_c.a(memset.o)
                              ./drivers/fsl_flash.o (memset)
e:/sriraj/nxp/ide/plugins/com.nxp.mcuxpresso.tools.win32_11.6.0.202112161359/tools/bin/../lib/gcc/arm-none-eabi/10.3.1/../../../../arm-none-eabi/lib/thumb/v6-m/nofp\libcr_c.a(_deferredlazyseek.o)
                              e:/sriraj/nxp/ide/plugins/com.nxp.mcuxpresso.tools.win32_11.6.0.202112161359/tools/bin/../lib/gcc/arm-none-eabi/10.3.1/../../../../arm-none-eabi/lib/thumb/v6-m/nofp\libcr_semihost_nf.a(_cr_assert.o) (__flsbuf)
e:/sriraj/nxp/ide/plugins/com.nxp.mcuxpresso.tools.win32_11.6.0.202112161359/tools/bin/../lib/gcc/arm-none-eabi/10.3.1/../../../../arm-none-eabi/lib/thumb/v6-m/nofp\libcr_c.a(_fflush.o)
                              e:/sriraj/nxp/ide/plugins/com.nxp.mcuxpresso.tools.win32_11.6.0.202112161359/tools/bin/../lib/gcc/arm-none-eabi/10.3.1/../../../../arm-none-eabi/lib/thumb/v6-m/nofp\libcr_c.a(_deferredlazyseek.o) (_fflush)
e:/sriraj/nxp/ide/plugins/com.nxp.mcuxpresso.tools.win32_11.6.0.202112161359/tools/bin/../lib/gcc/arm-none-eabi/10.3.1/../../../../arm-none-eabi/lib/thumb/v6-m/nofp\libcr_c.a(_writebuf.o)
                              e:/sriraj/nxp/ide/plugins/com.nxp.mcuxpresso.tools.win32_11.6.0.202112161359/tools/bin/../lib/gcc/arm-none-eabi/10.3.1/../../../../arm-none-eabi/lib/thumb/v6-m/nofp\libcr_c.a(_deferredlazyseek.o) (_Cwritebuf)
e:/sriraj/nxp/ide/plugins/com.nxp.mcuxpresso.tools.win32_11.6.0.202112161359/tools/bin/../lib/gcc/arm-none-eabi/10.3.1/../../../../arm-none-eabi/lib/thumb/v6-m/nofp\libcr_c.a(alloc.o)
                              e:/sriraj/nxp/ide/plugins/com.nxp.mcuxpresso.tools.win32_11.6.0.202112161359/tools/bin/../lib/gcc/arm-none-eabi/10.3.1/../../../../arm-none-eabi/lib/thumb/v6-m/nofp\libcr_c.a(_deferredlazyseek.o) (_Csys_alloc)
e:/sriraj/nxp/ide/plugins/com.nxp.mcuxpresso.tools.win32_11.6.0.202112161359/tools/bin/../lib/gcc/arm-none-eabi/10.3.1/../../../../arm-none-eabi/lib/thumb/v6-m/nofp\libcr_c.a(fpprintf.o)
                              ./source/DAC_ADC.o (printf)
e:/sriraj/nxp/ide/plugins/com.nxp.mcuxpresso.tools.win32_11.6.0.202112161359/tools/bin/../lib/gcc/arm-none-eabi/10.3.1/../../../../arm-none-eabi/lib/thumb/v6-m/nofp\libcr_c.a(fputs.o)
                              e:/sriraj/nxp/ide/plugins/com.nxp.mcuxpresso.tools.win32_11.6.0.202112161359/tools/bin/../lib/gcc/arm-none-eabi/10.3.1/../../../../arm-none-eabi/lib/thumb/v6-m/nofp\libcr_semihost_nf.a(_cr_assert.o) (fputs)
e:/sriraj/nxp/ide/plugins/com.nxp.mcuxpresso.tools.win32_11.6.0.202112161359/tools/bin/../lib/gcc/arm-none-eabi/10.3.1/../../../../arm-none-eabi/lib/thumb/v6-m/nofp\libcr_c.a(fseek.o)
                              e:/sriraj/nxp/ide/plugins/com.nxp.mcuxpresso.tools.win32_11.6.0.202112161359/tools/bin/../lib/gcc/arm-none-eabi/10.3.1/../../../../arm-none-eabi/lib/thumb/v6-m/nofp\libcr_c.a(_deferredlazyseek.o) (fseek)
e:/sriraj/nxp/ide/plugins/com.nxp.mcuxpresso.tools.win32_11.6.0.202112161359/tools/bin/../lib/gcc/arm-none-eabi/10.3.1/../../../../arm-none-eabi/lib/thumb/v6-m/nofp\libcr_c.a(ftell.o)
[...]
Memory Configuration

Name             Origin             Length             Attributes
PROGRAM_FLASH    0x00000000         0x00020000         xr
SRAM             0x1ffff000         0x00004000         xrw
*default*        0x00000000         0xffffffff

Linker script and memory map

LOAD ./utilities/fsl_debug_console.o
LOAD ./startup/startup_mkl25z4.o
LOAD ./source/DAC_ADC.o
LOAD ./source/DMAfunctions.o
LOAD ./source/Freqtones.o
LOAD ./source/TPMfunctions.o
LOAD ./source/autocorrelate.o
LOAD ./source/mtb.o
LOAD ./source/semihost_hardfault.o
LOAD ./source/systick.o
LOAD ./source/test_sine.o
LOAD ./drivers/fsl_clock.o
LOAD ./drivers/fsl_common.o
LOAD ./drivers/fsl_flash.o
LOAD ./drivers/fsl_gpio.o
LOAD ./drivers/fsl_lpsci.o
LOAD ./drivers/fsl_smc.o
LOAD ./drivers/fsl_uart.o
LOAD ./board/board.o
LOAD ./board/clock_config.o
LOAD ./board/peripherals.o
LOAD ./board/pin_mux.o
LOAD ./CMSIS/system_MKL25Z4.o
LOAD C:/Users/USER/Documents/MCUXpressoIDE_11.6.0_8187/workspace/Freqtones/source/fp_trig.o
START GROUP
LOAD e:/sriraj/nxp/ide/plugins/com.nxp.mcuxpresso.tools.win32_11.6.0.202112161359/tools/bin/../lib/gcc/arm-none-eabi/10.3.1/../../../../arm-none-eabi/lib/thumb/v6-m/nofp\libcr_semihost_nf.a
LOAD e:/sriraj/nxp/ide/plugins/com.nxp.mcuxpresso.tools.win32_11.6.0.202112161359/tools/bin/../lib/gcc/arm-none-eabi/10.3.1/../../../../arm-none-eabi/lib/thumb/v6-m/nofp\libcr_c.a
LOAD e:/sriraj/nxp/ide/plugins/com.nxp.mcuxpresso.tools.win32_11.6.0.202112161359/tools/bin/../lib/gcc/arm-none-eabi/10.3.1/thumb/v6-m/nofp\libcr_eabihelpers.a
LOAD e:/sriraj/nxp/ide/plugins/com.nxp.mcuxpresso.tools.win32_11.6.0.202112161359/tools/bin/../lib/gcc/arm-none-eabi/10.3.1/thumb/v6-m/nofp\libgcc.a
END GROUP
                0x00000000                __base_PROGRAM_FLASH = 0x0
                0x00000000                __base_Flash = 0x0
                0x00020000                __top_PROGRAM_FLASH = 0x20000
                0x00020000                __top_Flash = 0x20000
                0x1ffff000                __base_SRAM = 0x1ffff000
                0x1ffff000                __base_RAM = 0x1ffff000
                0x20003000                __top_SRAM = 0x20003000
                0x20003000                __top_RAM = 0x20003000

.text           0x00000000     0x53d0
 FILL mask 0xff
                0x00000000                __vectors_start__ = ABSOLUTE (.)
 *(SORT_BY_ALIGNMENT(.isr_vector))
 .isr_vector    0x00000000       0xc0 ./startup/startup_mkl25z4.o
                0x00000000                g_pfnVectors
                0x00000000                __Vectors
                0x000000c0                . = ALIGN (0x4)
                0x000000c0                __section_table_start = .
                0x000000c0                __data_section_table = .
                0x000000c0        0x4 LONG 0x53d0 LOADADDR (.data)
                0x000000c4        0x4 LONG 0x1ffff080 ADDR (.data)
                0x000000c8        0x4 LONG 0x8 SIZEOF (.data)
                0x000000cc                __data_section_table_end = .
                0x000000cc                __bss_section_table = .
                0x000000cc        0x4 LONG 0x1ffff088 ADDR (.bss)
                0x000000d0        0x4 LONG 0x2900 SIZEOF (.bss)
                0x000000d4                __bss_section_table_end = .
                0x000000d4                __section_table_end = .
 *(SORT_BY_ALIGNMENT(.after_vectors*))
 .after_vectors.reset
                0x000000d4       0x4c ./startup/startup_mkl25z4.o
                0x000000d4                ResetISR
 .after_vectors.init_data
                0x00000120       0x12 ./startup/startup_mkl25z4.o
                0x00000120                data_init
 .after_vectors.init_bss
                0x00000132       0x10 ./startup/startup_mkl25z4.o
                0x00000132                bss_init
 .after_vectors
                0x00000142      0x10c ./startup/startup_mkl25z4.o
                0x00000142                NMI_Handler
                0x00000146                SVC_Handler
                0x00000148                PendSV_Handler
                0x0000014c                SPI1_DriverIRQHandler
                0x0000014c                LPTMR0_DriverIRQHandler
                0x0000014c                DMA0_DriverIRQHandler
                0x0000014c                I2C0_DriverIRQHandler
                0x0000014c                Reserved39_DriverIRQHandler
                0x0000014c                PORTD_DriverIRQHandler
                0x0000014c                DMA2_DriverIRQHandler
                0x0000014c                CMP0_DriverIRQHandler
                0x0000014c                TPM2_DriverIRQHandler
                0x0000014c                ADC0_DriverIRQHandler
                0x0000014c                SPI0_DriverIRQHandler
                0x0000014c                TSI0_DriverIRQHandler
                0x0000014c                RTC_Seconds_DriverIRQHandler
                0x0000014c                I2C1_DriverIRQHandler
                0x0000014c                DMA1_DriverIRQHandler
                0x0000014c                LLWU_DriverIRQHandler
                0x0000014c                MCG_DriverIRQHandler
                0x0000014c                PIT_DriverIRQHandler
                0x0000014c                RTC_DriverIRQHandler
                0x0000014c                TPM1_DriverIRQHandler
                0x0000014c                FTFA_DriverIRQHandler
                0x0000014c                IntDefaultHandler
                0x0000014c                USB0_DriverIRQHandler
                0x0000014c                DAC0_DriverIRQHandler
                0x0000014c                PORTA_DriverIRQHandler
                0x0000014c                LVD_LVW_DriverIRQHandler
                0x0000014c                TPM0_DriverIRQHandler
                0x0000014c                Reserved45_DriverIRQHandler
                0x0000014c                DMA3_DriverIRQHandler
                0x0000014c                Reserved20_DriverIRQHandler
                0x00000156                DMA1_IRQHandler
                0x0000015e                DMA2_IRQHandler
                0x00000166                DMA3_IRQHandler
                0x0000016e                Reserved20_IRQHandler
                0x00000176                FTFA_IRQHandler
                0x0000017e                LVD_LVW_IRQHandler
                0x00000186                LLWU_IRQHandler
                0x0000018e                I2C0_IRQHandler
                0x00000196                I2C1_IRQHandler
                0x0000019e                SPI0_IRQHandler
                0x000001a6                SPI1_IRQHandler
                0x000001ae                UART0_IRQHandler
                0x000001b6                UART1_IRQHandler
                0x000001be                UART2_IRQHandler
                0x000001c6                ADC0_IRQHandler
                0x000001ce                CMP0_IRQHandler
                0x000001d6                TPM0_IRQHandler
                0x000001de                TPM1_IRQHandler
                0x000001e6                TPM2_IRQHandler
                0x000001ee                RTC_IRQHandler
                0x000001f6                RTC_Seconds_IRQHandler
                0x000001fe                PIT_IRQHandler
                0x00000206                Reserved39_IRQHandler
                0x0000020e                USB0_IRQHandler
                0x00000216                DAC0_IRQHandler
                0x0000021e                TSI0_IRQHandler
                0x00000226                MCG_IRQHandler
                0x0000022e                LPTMR0_IRQHandler
                0x00000236                Reserved45_IRQHandler
                0x0000023e                PORTA_IRQHandler
                0x00000246                PORTD_IRQHandler
                0x00000400                . = 0x400
 *fill*         0x0000024e      0x1b2 ff
                0x00000400                PROVIDE (__FLASH_CONFIG_START__ = .)
 *(SORT_BY_ALIGNMENT(.FlashConfig))
 .FlashConfig   0x00000400       0x10 ./startup/startup_mkl25z4.o
                0x00000400                Flash_Config
                0x00000410                PROVIDE (__FLASH_CONFIG_END__ = .)
                0x00000001                ASSERT (! ((__FLASH_CONFIG_START__ == __FLASH_CONFIG_END__)), Linker Flash Config Support Enabled, but no .FlashConfig section provided within application)
 *(SORT_BY_ALIGNMENT(.text*))
 .text.DbgConsole_Init
                0x00000410       0xf4 ./utilities/fsl_debug_console.o
                0x00000410                DbgConsole_Init
 .text.__sys_write
                0x00000504       0x58 ./utilities/fsl_debug_console.o
                0x00000504                __sys_write
 .text.Init_DAC
                0x0000055c       0x70 ./source/DAC_ADC.o
                0x0000055c                Init_DAC
 .text.tone_to_sample
                0x000005cc       0x78 ./source/DAC_ADC.o
                0x000005cc                tone_to_sample
 .text.ADC0_init
                0x00000644       0x9c ./source/DAC_ADC.o
                0x00000644                ADC0_init
 .text.start_adc
                0x000006e0       0x6c ./source/DAC_ADC.o
                0x000006e0                start_adc
 .text.adc_param_calculation
                0x0000074c       0xec ./source/DAC_ADC.o
                0x0000074c                adc_param_calculation
 .text.NVIC_EnableIRQ
                0x00000838       0x2c ./source/DMAfunctions.o
 .text.NVIC_ClearPendingIRQ
                0x00000864       0x30 ./source/DMAfunctions.o
 .text.NVIC_SetPriority
                0x00000894       0xdc ./source/DMAfunctions.o
 .text.Init_DMA
                0x00000970       0x70 ./source/DMAfunctions.o
                0x00000970                Init_DMA
 .text.Start_DMA_transfer
                0x000009e0       0x84 ./source/DMAfunctions.o
                0x000009e0                Start_DMA_transfer
 .text.DMA0_IRQHandler
                0x00000a64       0x3c ./source/DMAfunctions.o
                0x00000a64                DMA0_IRQHandler
 .text.main     0x00000aa0      0x234 ./source/Freqtones.o
                0x00000aa0                main
 .text.TPM0_Init
                0x00000cd4       0x60 ./source/TPMfunctions.o
                0x00000cd4                TPM0_Init
 .text.TPM1_init
                0x00000d34       0x68 ./source/TPMfunctions.o
                0x00000d34                TPM1_init
 .text.autocorrelate_detect_period
                0x00000d9c      0x188 ./source/autocorrelate.o
                0x00000d9c                autocorrelate_detect_period
 .text.HardFault_Handler
                0x00000f24       0x30 ./source/semihost_hardfault.o
                0x00000f24                HardFault_Handler
 .text.NVIC_SetPriority
                0x00000f54       0xdc ./source/systick.o
 .text.init_systick
                0x00001030       0x30 ./source/systick.o
                0x00001030                init_systick
 .text.reset_timer
                0x00001060       0x14 ./source/systick.o
                0x00001060                reset_timer
 .text.SysTick_Handler
                0x00001074       0x30 ./source/systick.o
                0x00001074                SysTick_Handler
 .text.CLOCK_SetEr32kClock
                0x000010a4       0x34 ./drivers/fsl_clock.o
 .text.CLOCK_SetPllFllSelClock
                0x000010d8       0x38 ./drivers/fsl_clock.o
 .text.CLOCK_GetMcgExtClkFreq
                0x00001110       0x28 ./drivers/fsl_clock.o
 .text.CLOCK_GetFllExtRefClkFreq
                0x00001138       0xa8 ./drivers/fsl_clock.o
 .text.CLOCK_GetFllRefClkFreq
                0x000011e0       0x2c ./drivers/fsl_clock.o
 .text.CLOCK_GetOscRangeFromFreq
                0x0000120c       0x4c ./drivers/fsl_clock.o
 .text.CLOCK_GetPllFllSelClkFreq
                0x00001258       0x4c ./drivers/fsl_clock.o
                0x00001258                CLOCK_GetPllFllSelClkFreq
 .text.CLOCK_SetSimConfig
                0x000012a4       0x38 ./drivers/fsl_clock.o
                0x000012a4                CLOCK_SetSimConfig
 .text.CLOCK_GetFllFreq
                0x000012dc       0x84 ./drivers/fsl_clock.o
                0x000012dc                CLOCK_GetFllFreq
 .text.CLOCK_GetPll0Freq
                0x00001360       0x70 ./drivers/fsl_clock.o
                0x00001360                CLOCK_GetPll0Freq
 .text.CLOCK_SetInternalRefClkConfig
                0x000013d0      0x124 ./drivers/fsl_clock.o
                0x000013d0                CLOCK_SetInternalRefClkConfig
 .text.CLOCK_EnablePll0
                0x000014f4       0x94 ./drivers/fsl_clock.o
                0x000014f4                CLOCK_EnablePll0
 .text.CLOCK_InitOsc0
                0x00001588       0x94 ./drivers/fsl_clock.o
                0x00001588                CLOCK_InitOsc0
 .text.CLOCK_SetPbeMode
                0x0000161c       0xb0 ./drivers/fsl_clock.o
                0x0000161c                CLOCK_SetPbeMode
 .text.CLOCK_BootToPeeMode
                0x000016cc       0x70 ./drivers/fsl_clock.o
                0x000016cc                CLOCK_BootToPeeMode
 .text.CLOCK_EnableClock
                0x0000173c       0x34 ./drivers/fsl_lpsci.o
 .text.LPSCI_GetInstance
                0x00001770       0x48 ./drivers/fsl_lpsci.o
                0x00001770                LPSCI_GetInstance
 .text.LPSCI_Init
                0x000017b8      0x258 ./drivers/fsl_lpsci.o
                0x000017b8                LPSCI_Init
 .text.LPSCI_GetDefaultConfig
                0x00001a10       0x44 ./drivers/fsl_lpsci.o
                0x00001a10                LPSCI_GetDefaultConfig
 .text.LPSCI_ClearStatusFlags
                0x00001a54       0x94 ./drivers/fsl_lpsci.o
                0x00001a54                LPSCI_ClearStatusFlags
 .text.LPSCI_WriteBlocking
                0x00001ae8       0x4c ./drivers/fsl_lpsci.o
                0x00001ae8                LPSCI_WriteBlocking
 .text.LPSCI_ReadBlocking
                0x00001b34       0xc0 ./drivers/fsl_lpsci.o
                0x00001b34                LPSCI_ReadBlocking
 .text.UART0_DriverIRQHandler
                0x00001bf4       0x24 ./drivers/fsl_lpsci.o
                0x00001bf4                UART0_DriverIRQHandler
 .text.CLOCK_EnableClock
                0x00001c18       0x34 ./drivers/fsl_uart.o
 .text.UART_GetInstance
                0x00001c4c       0x54 ./drivers/fsl_uart.o
                0x00001c4c                UART_GetInstance
 .text.UART_Init
                0x00001ca0      0x1e0 ./drivers/fsl_uart.o
                0x00001ca0                UART_Init
 .text.UART_GetDefaultConfig
                0x00001e80       0x44 ./drivers/fsl_uart.o
                0x00001e80                UART_GetDefaultConfig
 .text.UART_ReadBlocking
                0x00001ec4       0x98 ./drivers/fsl_uart.o
                0x00001ec4                UART_ReadBlocking
 .text.UART1_DriverIRQHandler
                0x00001f5c       0x24 ./drivers/fsl_uart.o
                0x00001f5c                UART1_DriverIRQHandler
 .text.UART2_DriverIRQHandler
                0x00001f80       0x24 ./drivers/fsl_uart.o
                0x00001f80                UART2_DriverIRQHandler
 .text.CLOCK_SetLpsci0Clock
                0x00001fa4       0x38 ./board/board.o
 .text.BOARD_InitDebugConsole
                0x00001fdc       0x30 ./board/board.o
                0x00001fdc                BOARD_InitDebugConsole
 .text.CLOCK_SetSimSafeDivs
                0x0000200c       0x20 ./board/clock_config.o
 .text.CLOCK_SetXtal0Freq
                0x0000202c       0x1c ./board/clock_config.o
 .text.CLOCK_CONFIG_SetFllExtRefDiv
                0x00002048       0x3c ./board/clock_config.o
 .text.BOARD_BootClockRUN
                0x00002084       0x64 ./board/clock_config.o
                0x00002084                BOARD_BootClockRUN
 .text.CLOCK_EnableClock
                0x000020e8       0x34 ./board/pin_mux.o
 .text.PORT_SetPinMux
                0x0000211c       0x40 ./board/pin_mux.o
 .text.BOARD_InitPins
                0x0000215c       0x4c ./board/pin_mux.o
                0x0000215c                BOARD_InitPins
 .text.SystemInit
                0x000021a8       0x18 ./CMSIS/system_MKL25Z4.o
                0x000021a8                SystemInit
 .text.fp_sin   0x000021c0      0x118 C:/Users/USER/Documents/MCUXpressoIDE_11.6.0_8187/workspace/Freqtones/source/fp_trig.o
                0x000021c0                fp_sin
 .text.__assertion_failed
                0x000022d8       0x4c e:/sriraj/nxp/ide/plugins/com.nxp.mcuxpresso.tools.win32_11.6.0.202112161359/tools/bin/../lib/gcc/arm-none-eabi/10.3.1/../../../../arm-none-eabi/lib/thumb/v6-m/nofp\libcr_semihost_nf.a(_cr_assert.o)
                0x000022d8                __assertion_failed
 .text.__sys_appexit
                0x00002324        0xc e:/sriraj/nxp/ide/plugins/com.nxp.mcuxpresso.tools.win32_11.6.0.202112161359/tools/bin/../lib/gcc/arm-none-eabi/10.3.1/../../../../arm-none-eabi/lib/thumb/v6-m/nofp\libcr_semihost_nf.a(__sys_appexit.o)
                0x00002324                __sys_appexit
                0x00002324                __exit
 .text._deferredlazyseek
                0x00002330       0x40 e:/sriraj/nxp/ide/plugins/com.nxp.mcuxpresso.tools.win32_11.6.0.202112161359/tools/bin/../lib/gcc/arm-none-eabi/10.3.1/../../../../arm-none-eabi/lib/thumb/v6-m/nofp\libcr_c.a(_deferredlazyseek.o)
                0x00002330                _deferredlazyseek
 .text.__flsbuf
                0x00002370      0x150 e:/sriraj/nxp/ide/plugins/com.nxp.mcuxpresso.tools.win32_11.6.0.202112161359/tools/bin/../lib/gcc/arm-none-eabi/10.3.1/../../../../arm-none-eabi/lib/thumb/v6-m/nofp\libcr_c.a(_deferredlazyseek.o)
                0x00002370                __flsbuf
 .text._fflush  0x000024c0       0x60 e:/sriraj/nxp/ide/plugins/com.nxp.mcuxpresso.tools.win32_11.6.0.202112161359/tools/bin/../lib/gcc/arm-none-eabi/10.3.1/../../../../arm-none-eabi/lib/thumb/v6-m/nofp\libcr_c.a(_fflush.o)
                0x000024c0                _fflush
 .text._Cwritebuf
                0x00002520       0x68 e:/sriraj/nxp/ide/plugins/com.nxp.mcuxpresso.tools.win32_11.6.0.202112161359/tools/bin/../lib/gcc/arm-none-eabi/10.3.1/../../../../arm-none-eabi/lib/thumb/v6-m/nofp\libcr_c.a(_writebuf.o)
                0x00002520                _Cwritebuf
 .text.malloc   0x00002588       0xcc e:/sriraj/nxp/ide/plugins/com.nxp.mcuxpresso.tools.win32_11.6.0.202112161359/tools/bin/../lib/gcc/arm-none-eabi/10.3.1/../../../../arm-none-eabi/lib/thumb/v6-m/nofp\libcr_c.a(alloc.o)
                0x00002588                malloc
 .text._Csys_alloc
                0x00002654       0x20 e:/sriraj/nxp/ide/plugins/com.nxp.mcuxpresso.tools.win32_11.6.0.202112161359/tools/bin/../lib/gcc/arm-none-eabi/10.3.1/../../../../arm-none-eabi/lib/thumb/v6-m/nofp\libcr_c.a(alloc.o)
                0x00002654                _Csys_alloc
 .text.sprintf  0x00002674       0x6c e:/sriraj/nxp/ide/plugins/com.nxp.mcuxpresso.tools.win32_11.6.0.202112161359/tools/bin/../lib/gcc/arm-none-eabi/10.3.1/../../../../arm-none-eabi/lib/thumb/v6-m/nofp\libcr_c.a(fpprintf.o)
                0x00002674                sprintf
 .text.fp_display
                0x000026e0      0x97c e:/sriraj/nxp/ide/plugins/com.nxp.mcuxpresso.tools.win32_11.6.0.202112161359/tools/bin/../lib/gcc/arm-none-eabi/10.3.1/../../../../arm-none-eabi/lib/thumb/v6-m/nofp\libcr_c.a(fpprintf.o)
 .text.vsnprintf
                0x0000305c       0x70 e:/sriraj/nxp/ide/plugins/com.nxp.mcuxpresso.tools.win32_11.6.0.202112161359/tools/bin/../lib/gcc/arm-none-eabi/10.3.1/../../../../arm-none-eabi/lib/thumb/v6-m/nofp\libcr_c.a(fpprintf.o)
                0x0000305c                vsnprintf
 .text.printf   0x000030cc       0x50 e:/sriraj/nxp/ide/plugins/com.nxp.mcuxpresso.tools.win32_11.6.0.202112161359/tools/bin/../lib/gcc/arm-none-eabi/10.3.1/../../../../arm-none-eabi/lib/thumb/v6-m/nofp\libcr_c.a(fpprintf.o)
                0x000030cc                printf
 .text.fseek    0x0000311c       0xf0 e:/sriraj/nxp/ide/plugins/com.nxp.mcuxpresso.tools.win32_11.6.0.202112161359/tools/bin/../lib/gcc/arm-none-eabi/10.3.1/../../../../arm-none-eabi/lib/thumb/v6-m/nofp\libcr_c.a(fseek.o)
                0x0000311c                fseek
 .text.ftell    0x0000320c       0x48 e:/sriraj/nxp/ide/plugins/com.nxp.mcuxpresso.tools.win32_11.6.0.202112161359/tools/bin/../lib/gcc/arm-none-eabi/10.3.1/../../../../arm-none-eabi/lib/thumb/v6-m/nofp\libcr_c.a(ftell.o)
                0x0000320c                ftell
 .text._initio  0x00003254       0x7c e:/sriraj/nxp/ide/plugins/com.nxp.mcuxpresso.tools.win32_11.6.0.202112161359/tools/bin/../lib/gcc/arm-none-eabi/10.3.1/../../../../arm-none-eabi/lib/thumb/v6-m/nofp\libcr_c.a(initio.o)
                0x00003254                _initio
 .text.__vfprintf
                0x000032d0      0xd40 e:/sriraj/nxp/ide/plugins/com.nxp.mcuxpresso.tools.win32_11.6.0.202112161359/tools/bin/../lib/gcc/arm-none-eabi/10.3.1/../../../../arm-none-eabi/lib/thumb/v6-m/nofp\libcr_c.a(printf.o)
                0x000032d0                __vfprintf
 .text.setvbuf  0x00004010       0x4c e:/sriraj/nxp/ide/plugins/com.nxp.mcuxpresso.tools.win32_11.6.0.202112161359/tools/bin/../lib/gcc/arm-none-eabi/10.3.1/../../../../arm-none-eabi/lib/thumb/v6-m/nofp\libcr_c.a(setvbuf.o)
                0x00004010                setvbuf
 .text.strlen   0x0000405c       0x58 e:/sriraj/nxp/ide/plugins/com.nxp.mcuxpresso.tools.win32_11.6.0.202112161359/tools/bin/../lib/gcc/arm-none-eabi/10.3.1/../../../../arm-none-eabi/lib/thumb/v6-m/nofp\libcr_c.a(strlen.o)
                0x0000405c                strlen
 .text._sbrk    0x000040b4       0x44 e:/sriraj/nxp/ide/plugins/com.nxp.mcuxpresso.tools.win32_11.6.0.202112161359/tools/bin/../lib/gcc/arm-none-eabi/10.3.1/../../../../arm-none-eabi/lib/thumb/v6-m/nofp\libcr_c.a(_cr_sbrk.o)
                0x000040b4                _sbrk
 .text._fdopen  0x000040f8       0x74 e:/sriraj/nxp/ide/plugins/com.nxp.mcuxpresso.tools.win32_11.6.0.202112161359/tools/bin/../lib/gcc/arm-none-eabi/10.3.1/../../../../arm-none-eabi/lib/thumb/v6-m/nofp\libcr_c.a(_fdopen.o)
                0x000040f8                _fdopen
 .text._frexpl  0x0000416c       0x80 e:/sriraj/nxp/ide/plugins/com.nxp.mcuxpresso.tools.win32_11.6.0.202112161359/tools/bin/../lib/gcc/arm-none-eabi/10.3.1/../../../../arm-none-eabi/lib/thumb/v6-m/nofp\libcr_c.a(_frexpl.o)
                0x0000416c                _frexpl
 .text._ldexpl  0x000041ec       0x58 e:/sriraj/nxp/ide/plugins/com.nxp.mcuxpresso.tools.win32_11.6.0.202112161359/tools/bin/../lib/gcc/arm-none-eabi/10.3.1/../../../../arm-none-eabi/lib/thumb/v6-m/nofp\libcr_c.a(_ldexpl.o)
                0x000041ec                _ldexpl
 .text.fclose   0x00004244       0x5c e:/sriraj/nxp/ide/plugins/com.nxp.mcuxpresso.tools.win32_11.6.0.202112161359/tools/bin/../lib/gcc/arm-none-eabi/10.3.1/../../../../arm-none-eabi/lib/thumb/v6-m/nofp\libcr_c.a(fclose.o)
                0x00004244                fclose
 .text.fflush   0x000042a0       0x44 e:/sriraj/nxp/ide/plugins/com.nxp.mcuxpresso.tools.win32_11.6.0.202112161359/tools/bin/../lib/gcc/arm-none-eabi/10.3.1/../../../../arm-none-eabi/lib/thumb/v6-m/nofp\libcr_c.a(fflush.o)
                0x000042a0                fflush
 .text.__check_heap_overflow
                0x000042e4       0x18 e:/sriraj/nxp/ide/plugins/com.nxp.mcuxpresso.tools.win32_11.6.0.202112161359/tools/bin/../lib/gcc/arm-none-eabi/10.3.1/../../../../arm-none-eabi/lib/thumb/v6-m/nofp\libcr_c.a(_cr_check_heap.o)
                0x000042e4                __check_heap_overflow
 .text._do_fflush
                0x000042fc       0x48 e:/sriraj/nxp/ide/plugins/com.nxp.mcuxpresso.tools.win32_11.6.0.202112161359/tools/bin/../lib/gcc/arm-none-eabi/10.3.1/../../../../arm-none-eabi/lib/thumb/v6-m/nofp\libcr_c.a(_do_fflush.o)
                0x000042fc                _do_fflush
 .text.__aeabi_dmul
                0x00004344      0x184 e:/sriraj/nxp/ide/plugins/com.nxp.mcuxpresso.tools.win32_11.6.0.202112161359/tools/bin/../lib/gcc/arm-none-eabi/10.3.1/thumb/v6-m/nofp\libcr_eabihelpers.a(double.o)
                0x00004344                __aeabi_dmul
 .text.__aeabi_ddiv
                0x000044c8      0x14c e:/sriraj/nxp/ide/plugins/com.nxp.mcuxpresso.tools.win32_11.6.0.202112161359/tools/bin/../lib/gcc/arm-none-eabi/10.3.1/thumb/v6-m/nofp\libcr_eabihelpers.a(double.o)
                0x000044c8                __aeabi_ddiv
 .text.__aeabi_dsub
                0x00004614      0x1c0 e:/sriraj/nxp/ide/plugins/com.nxp.mcuxpresso.tools.win32_11.6.0.202112161359/tools/bin/../lib/gcc/arm-none-eabi/10.3.1/thumb/v6-m/nofp\libcr_eabihelpers.a(double.o)
                0x00004614                __aeabi_dsub
 .text.__aeabi_dadd
                0x000047d4      0x134 e:/sriraj/nxp/ide/plugins/com.nxp.mcuxpresso.tools.win32_11.6.0.202112161359/tools/bin/../lib/gcc/arm-none-eabi/10.3.1/thumb/v6-m/nofp\libcr_eabihelpers.a(double.o)
                0x000047d4                __aeabi_dadd
 .text.__aeabi_d2iz
                0x00004908       0x50 e:/sriraj/nxp/ide/plugins/com.nxp.mcuxpresso.tools.win32_11.6.0.202112161359/tools/bin/../lib/gcc/arm-none-eabi/10.3.1/thumb/v6-m/nofp\libcr_eabihelpers.a(double.o)
                0x00004908                __aeabi_d2iz
 .text.__aeabi_dcmpeq
                0x00004958       0x30 e:/sriraj/nxp/ide/plugins/com.nxp.mcuxpresso.tools.win32_11.6.0.202112161359/tools/bin/../lib/gcc/arm-none-eabi/10.3.1/thumb/v6-m/nofp\libcr_eabihelpers.a(double.o)
                0x00004958                __aeabi_dcmpeq
 .text.__aeabi_dcmplt
                0x00004988       0x60 e:/sriraj/nxp/ide/plugins/com.nxp.mcuxpresso.tools.win32_11.6.0.202112161359/tools/bin/../lib/gcc/arm-none-eabi/10.3.1/thumb/v6-m/nofp\libcr_eabihelpers.a(double.o)
                0x00004988                __aeabi_dcmplt
 .text.__aeabi_dcmple
                0x000049e8       0x5c e:/sriraj/nxp/ide/plugins/com.nxp.mcuxpresso.tools.win32_11.6.0.202112161359/tools/bin/../lib/gcc/arm-none-eabi/10.3.1/thumb/v6-m/nofp\libcr_eabihelpers.a(double.o)
                0x000049e8                __aeabi_dcmple
 .text.__aeabi_dcmpge
                0x00004a44       0x5c e:/sriraj/nxp/ide/plugins/com.nxp.mcuxpresso.tools.win32_11.6.0.202112161359/tools/bin/../lib/gcc/arm-none-eabi/10.3.1/thumb/v6-m/nofp\libcr_eabihelpers.a(double.o)
                0x00004a44                __aeabi_dcmpge
 .text.UART_EnableTx
                0x00004aa0       0x40 ./utilities/fsl_debug_console.o
 .text.UART_EnableRx
                0x00004ae0       0x40 ./utilities/fsl_debug_console.o
 .text.LPSCI_EnableTx
                0x00004b20       0x40 ./utilities/fsl_debug_console.o
 .text.LPSCI_EnableRx
                0x00004b60       0x40 ./utilities/fsl_debug_console.o
 .text.OSC_SetExtRefClkConfig
                0x00004ba0       0x3e ./drivers/fsl_clock.o
 .text.OSC_SetCapLoad
                0x00004bde       0x42 ./drivers/fsl_clock.o
 .text.CLOCK_GetPll0RefFreq
                0x00004c20       0x10 ./drivers/fsl_clock.o
 .text.CLOCK_SetExternalRefClkConfig
                0x00004c30       0x16 ./drivers/fsl_clock.o
                0x00004c30                CLOCK_SetExternalRefClkConfig
 .text.LPSCI_GetStatusFlags
                0x00004c46       0x26 ./drivers/fsl_lpsci.o
                0x00004c46                LPSCI_GetStatusFlags
 .text.UART_GetStatusFlags
                0x00004c6c       0x26 ./drivers/fsl_uart.o
                0x00004c6c                UART_GetStatusFlags
 .text.UART_WriteBlocking
                0x00004c92       0x3c ./drivers/fsl_uart.o
                0x00004c92                UART_WriteBlocking
 .text.BOARD_InitBootClocks
                0x00004cce        0xe ./board/clock_config.o
                0x00004cce                BOARD_InitBootClocks
 .text.BOARD_InitBootPeripherals
                0x00004cdc        0xa ./board/peripherals.o
                0x00004cdc                BOARD_InitBootPeripherals
 .text.BOARD_InitBootPins
                0x00004ce6        0xe ./board/pin_mux.o
                0x00004ce6                BOARD_InitBootPins
 .text.fp_interpolate
                0x00004cf4       0x52 C:/Users/USER/Documents/MCUXpressoIDE_11.6.0_8187/workspace/Freqtones/source/fp_trig.o
                0x00004cf4                fp_interpolate
 .text.__main   0x00004d46        0xc e:/sriraj/nxp/ide/plugins/com.nxp.mcuxpresso.tools.win32_11.6.0.202112161359/tools/bin/../lib/gcc/arm-none-eabi/10.3.1/../../../../arm-none-eabi/lib/thumb/v6-m/nofp\libcr_semihost_nf.a(_cr__main.o)
                0x00004d46                __CR_SEMIHOST
                0x00004d46                __main
 .text.memset   0x00004d52        0x8 e:/sriraj/nxp/ide/plugins/com.nxp.mcuxpresso.tools.win32_11.6.0.202112161359/tools/bin/../lib/gcc/arm-none-eabi/10.3.1/../../../../arm-none-eabi/lib/thumb/v6-m/nofp\libcr_c.a(memset.o)
                0x00004d52                memset
 .text.free     0x00004d5a       0x2c e:/sriraj/nxp/ide/plugins/com.nxp.mcuxpresso.tools.win32_11.6.0.202112161359/tools/bin/../lib/gcc/arm-none-eabi/10.3.1/../../../../arm-none-eabi/lib/thumb/v6-m/nofp\libcr_c.a(alloc.o)
                0x00004d5a                free
 .text.fp_round
                0x00004d86       0x4a e:/sriraj/nxp/ide/plugins/com.nxp.mcuxpresso.tools.win32_11.6.0.202112161359/tools/bin/../lib/gcc/arm-none-eabi/10.3.1/../../../../arm-none-eabi/lib/thumb/v6-m/nofp\libcr_c.a(fpprintf.o)
 .text.pr_dec.constprop.0
                0x00004dd0       0x30 e:/sriraj/nxp/ide/plugins/com.nxp.mcuxpresso.tools.win32_11.6.0.202112161359/tools/bin/../lib/gcc/arm-none-eabi/10.3.1/../../../../arm-none-eabi/lib/thumb/v6-m/nofp\libcr_c.a(fpprintf.o)
 .text.fputs    0x00004e00       0x2e e:/sriraj/nxp/ide/plugins/com.nxp.mcuxpresso.tools.win32_11.6.0.202112161359/tools/bin/../lib/gcc/arm-none-eabi/10.3.1/../../../../arm-none-eabi/lib/thumb/v6-m/nofp\libcr_c.a(fputs.o)
                0x00004e00                fputs
 .text.remove   0x00004e2e       0x12 e:/sriraj/nxp/ide/plugins/com.nxp.mcuxpresso.tools.win32_11.6.0.202112161359/tools/bin/../lib/gcc/arm-none-eabi/10.3.1/../../../../arm-none-eabi/lib/thumb/v6-m/nofp\libcr_c.a(remove.o)
                0x00004e2e                remove
 .text.__aeabi_division_idivmod
                0x00004e40       0x78 e:/sriraj/nxp/ide/plugins/com.nxp.mcuxpresso.tools.win32_11.6.0.202112161359/tools/bin/../lib/gcc/arm-none-eabi/10.3.1/thumb/v6-m/nofp\libcr_eabihelpers.a(division_32.o)
                0x00004e40                __aeabi_idivmod
                0x00004e40                __aeabi_idiv
                0x00004e46                __aeabi_uidivmod
                0x00004e46                __aeabi_uidiv
 .text.__aeabi_division_idiv0
                0x00004eb8        0x2 e:/sriraj/nxp/ide/plugins/com.nxp.mcuxpresso.tools.win32_11.6.0.202112161359/tools/bin/../lib/gcc/arm-none-eabi/10.3.1/thumb/v6-m/nofp\libcr_eabihelpers.a(division_idiv0.o)
                0x00004eb8                __aeabi_idiv0
 .text.__bhs_ui2d
                0x00004eba       0x5e e:/sriraj/nxp/ide/plugins/com.nxp.mcuxpresso.tools.win32_11.6.0.202112161359/tools/bin/../lib/gcc/arm-none-eabi/10.3.1/thumb/v6-m/nofp\libcr_eabihelpers.a(double.o)
                0x00004eba                __bhs_ui2d
 .text.__aeabi_i2d
                0x00004f18       0x18 e:/sriraj/nxp/ide/plugins/com.nxp.mcuxpresso.tools.win32_11.6.0.202112161359/tools/bin/../lib/gcc/arm-none-eabi/10.3.1/thumb/v6-m/nofp\libcr_eabihelpers.a(double.o)
                0x00004f18                __aeabi_i2d
 .text.__aeabi_llong_lmul
                0x00004f30       0x2e e:/sriraj/nxp/ide/plugins/com.nxp.mcuxpresso.tools.win32_11.6.0.202112161359/tools/bin/../lib/gcc/arm-none-eabi/10.3.1/thumb/v6-m/nofp\libcr_eabihelpers.a(llong.o)
                0x00004f30                __aeabi_lmul
 .text.__aeabi_memset_lowlevel
                0x00004f5e       0x2a e:/sriraj/nxp/ide/plugins/com.nxp.mcuxpresso.tools.win32_11.6.0.202112161359/tools/bin/../lib/gcc/arm-none-eabi/10.3.1/thumb/v6-m/nofp\libcr_eabihelpers.a(memcpy.o)
                0x00004f5e                __aeabi_lowlevel_memset
 .text.__gnu_thumb1_case_shi
                0x00004f88       0x10 e:/sriraj/nxp/ide/plugins/com.nxp.mcuxpresso.tools.win32_11.6.0.202112161359/tools/bin/../lib/gcc/arm-none-eabi/10.3.1/thumb/v6-m/nofp\libcr_eabihelpers.a(thumb1_switch_helpers.o)
                0x00004f88                __gnu_thumb1_case_shi
 .text.__sys_close
                0x00004f98        0xc e:/sriraj/nxp/ide/plugins/com.nxp.mcuxpresso.tools.win32_11.6.0.202112161359/tools/bin/../lib/gcc/arm-none-eabi/10.3.1/../../../../arm-none-eabi/lib/thumb/v6-m/nofp\libcr_semihost_nf.a(__sys_close.o)
                0x00004f98                __sys_close
 .text.__sys_flen
                0x00004fa4        0xc e:/sriraj/nxp/ide/plugins/com.nxp.mcuxpresso.tools.win32_11.6.0.202112161359/tools/bin/../lib/gcc/arm-none-eabi/10.3.1/../../../../arm-none-eabi/lib/thumb/v6-m/nofp\libcr_semihost_nf.a(__sys_flen.o)
                0x00004fa4                __sys_flen
 .text.__sys_istty
                0x00004fb0        0xc e:/sriraj/nxp/ide/plugins/com.nxp.mcuxpresso.tools.win32_11.6.0.202112161359/tools/bin/../lib/gcc/arm-none-eabi/10.3.1/../../../../arm-none-eabi/lib/thumb/v6-m/nofp\libcr_semihost_nf.a(__sys_istty.o)
                0x00004fb0                __sys_istty
 .text.__sys_remove
                0x00004fbc        0xc e:/sriraj/nxp/ide/plugins/com.nxp.mcuxpresso.tools.win32_11.6.0.202112161359/tools/bin/../lib/gcc/arm-none-eabi/10.3.1/../../../../arm-none-eabi/lib/thumb/v6-m/nofp\libcr_semihost_nf.a(__sys_remove.o)
                0x00004fbc                __sys_remove
 .text.__sys_seek
                0x00004fc8        0xc e:/sriraj/nxp/ide/plugins/com.nxp.mcuxpresso.tools.win32_11.6.0.202112161359/tools/bin/../lib/gcc/arm-none-eabi/10.3.1/../../../../arm-none-eabi/lib/thumb/v6-m/nofp\libcr_semihost_nf.a(__sys_seek.o)
                0x00004fc8                __sys_seek
 .text.__sys_tmpnam
                0x00004fd4        0xc e:/sriraj/nxp/ide/plugins/com.nxp.mcuxpresso.tools.win32_11.6.0.202112161359/tools/bin/../lib/gcc/arm-none-eabi/10.3.1/../../../../arm-none-eabi/lib/thumb/v6-m/nofp\libcr_semihost_nf.a(__sys_tmpnam.o)
                0x00004fd4                __sys_tmpnam
 *(SORT_BY_ALIGNMENT(.rodata) SORT_BY_ALIGNMENT(.rodata.*) SORT_BY_ALIGNMENT(.constdata) SORT_BY_ALIGNMENT(.constdata.*))
 .rodata.adc_param_calculation.str1.4
                0x00004fe0       0x1f ./source/DAC_ADC.o
 *fill*         0x00004fff        0x1 ff
 .rodata.main.str1.4
                0x00005000       0x6a ./source/Freqtones.o
 *fill*         0x0000506a        0x2 ff
 .rodata.CLOCK_GetMcgExtClkFreq.str1.4
                0x0000506c       0x1e ./drivers/fsl_clock.o
 *fill*         0x0000508a        0x2 ff
 .rodata.CLOCK_GetPll0Freq.str1.4
                0x0000508c       0x1d ./drivers/fsl_clock.o
 *fill*         0x000050a9        0x3 ff
 .rodata.CLOCK_EnablePll0.str1.4
                0x000050ac       0x19 ./drivers/fsl_clock.o
 *fill*         0x000050c5        0x3 ff
 .rodata.CLOCK_SetPbeMode.str1.4
                0x000050c8       0x1a ./drivers/fsl_clock.o
 *fill*         0x000050e2        0x2 ff
 .rodata.CLOCK_BootToPeeMode.str1.4
                0x000050e4       0x1a ./drivers/fsl_clock.o
 *fill*         0x000050fe        0x2 ff
 .rodata.fllFactorTable.1
                0x00005100       0x10 ./drivers/fsl_clock.o
 .rodata.LPSCI_GetInstance.str1.4
                0x00005110       0x36 ./drivers/fsl_lpsci.o
 *fill*         0x00005146        0x2 ff
 .rodata.LPSCI_Init.str1.4
                0x00005148       0x43 ./drivers/fsl_lpsci.o
 *fill*         0x0000518b        0x1 ff
 .rodata.LPSCI_GetDefaultConfig.str1.4
                0x0000518c       0x19 ./drivers/fsl_lpsci.o
 *fill*         0x000051a5        0x3 ff
 .rodata.LPSCI_WriteBlocking.str1.4
                0x000051a8       0x17 ./drivers/fsl_lpsci.o
 *fill*         0x000051bf        0x1 ff
 .rodata.LPSCI_ReadBlocking.str1.4
                0x000051c0       0x17 ./drivers/fsl_lpsci.o
 *fill*         0x000051d7        0x1 ff
 .rodata.s_uartBases
                0x000051d8        0xc ./drivers/fsl_uart.o
 .rodata.s_uartClock
                0x000051e4        0xc ./drivers/fsl_uart.o
 .rodata.UART_GetInstance.str1.4
                0x000051f0       0x2b ./drivers/fsl_uart.o
 *fill*         0x0000521b        0x1 ff
 .rodata.UART_Init.str1.4
                0x0000521c       0x3e ./drivers/fsl_uart.o
 *fill*         0x0000525a        0x2 ff
 .rodata.UART_GetDefaultConfig.str1.4
                0x0000525c       0x18 ./drivers/fsl_uart.o
 .rodata.UART_ReadBlocking.str1.4
                0x00005274       0x16 ./drivers/fsl_uart.o
 *fill*         0x0000528a        0x2 ff
 .rodata.mcgConfig_BOARD_BootClockRUN
                0x0000528c        0xa ./board/clock_config.o
                0x0000528c                mcgConfig_BOARD_BootClockRUN
 *fill*         0x00005296        0x2 ff
 .rodata.simConfig_BOARD_BootClockRUN
                0x00005298        0x8 ./board/clock_config.o
                0x00005298                simConfig_BOARD_BootClockRUN
 .rodata.oscConfig_BOARD_BootClockRUN
                0x000052a0        0x8 ./board/clock_config.o
                0x000052a0                oscConfig_BOARD_BootClockRUN
 .rodata.sin_lookup
                0x000052a8       0x42 C:/Users/USER/Documents/MCUXpressoIDE_11.6.0_8187/workspace/Freqtones/source/fp_trig.o
 *fill*         0x000052ea        0x2 ff
 .rodata.fp_sin.str1.4
                0x000052ec       0x4a C:/Users/USER/Documents/MCUXpressoIDE_11.6.0_8187/workspace/Freqtones/source/fp_trig.o
 *fill*         0x00005336        0x2 ff
 .rodata.__num_Ciob_streams
                0x00005338        0x4 e:/sriraj/nxp/ide/plugins/com.nxp.mcuxpresso.tools.win32_11.6.0.202112161359/tools/bin/../lib/gcc/arm-none-eabi/10.3.1/../../../../arm-none-eabi/lib/thumb/v6-m/nofp\libcr_semihost_nf.a(__ciob.o)
                0x00005338                __num_Ciob_streams
 .rodata.__assertion_failed.str1.1
                0x0000533c       0x15 e:/sriraj/nxp/ide/plugins/com.nxp.mcuxpresso.tools.win32_11.6.0.202112161359/tools/bin/../lib/gcc/arm-none-eabi/10.3.1/../../../../arm-none-eabi/lib/thumb/v6-m/nofp\libcr_semihost_nf.a(_cr_assert.o)
 .rodata._Csys_alloc.str1.1
                0x00005351       0x18 e:/sriraj/nxp/ide/plugins/com.nxp.mcuxpresso.tools.win32_11.6.0.202112161359/tools/bin/../lib/gcc/arm-none-eabi/10.3.1/../../../../arm-none-eabi/lib/thumb/v6-m/nofp\libcr_c.a(alloc.o)
 .rodata.fp_display.str1.1
                0x00005369       0x32 e:/sriraj/nxp/ide/plugins/com.nxp.mcuxpresso.tools.win32_11.6.0.202112161359/tools/bin/../lib/gcc/arm-none-eabi/10.3.1/../../../../arm-none-eabi/lib/thumb/v6-m/nofp\libcr_c.a(fpprintf.o)
                                 0x35 (size before relaxing)
 .rodata._initio.str1.1
                0x0000539b        0x4 e:/sriraj/nxp/ide/plugins/com.nxp.mcuxpresso.tools.win32_11.6.0.202112161359/tools/bin/../lib/gcc/arm-none-eabi/10.3.1/../../../../arm-none-eabi/lib/thumb/v6-m/nofp\libcr_c.a(initio.o)
 .rodata.__vfprintf.str1.1
                0x0000539f       0x31 e:/sriraj/nxp/ide/plugins/com.nxp.mcuxpresso.tools.win32_11.6.0.202112161359/tools/bin/../lib/gcc/arm-none-eabi/10.3.1/../../../../arm-none-eabi/lib/thumb/v6-m/nofp\libcr_c.a(printf.o)
                                 0x38 (size before relaxing)
                0x000053d0                . = ALIGN (0x4)
                0x000053d0                _etext = .

.glue_7         0x000053d0        0x0
 .glue_7        0x000053d0        0x0 linker stubs

.glue_7t        0x000053d0        0x0
 .glue_7t       0x000053d0        0x0 linker stubs

.vfp11_veneer   0x000053d0        0x0
 .vfp11_veneer  0x000053d0        0x0 linker stubs

.v4_bx          0x000053d0        0x0
 .v4_bx         0x000053d0        0x0 linker stubs

.iplt           0x000053d0        0x0
 .iplt          0x000053d0        0x0 ./utilities/fsl_debug_console.o

.rel.dyn        0x000053d0        0x0
 .rel.iplt      0x000053d0        0x0 ./utilities/fsl_debug_console.o

.m_usb_data
 *(SORT_BY_ALIGNMENT(m_usb_bdt))

.mtb_buffer_default
                0x1ffff000       0x80
 *(SORT_BY_ALIGNMENT(.mtb*))
 .mtb.$RAM1     0x1ffff000       0x80 ./source/mtb.o
                0x1ffff000                __mtb_buffer__

.uninit_RESERVED
                0x1ffff080        0x0
                0x1ffff080                _start_uninit_RESERVED = .
 *(SORT_BY_ALIGNMENT(.bss.$RESERVED*))
                0x1ffff080                . = ALIGN (0x4)
                0x1ffff080                _end_uninit_RESERVED = .

.data           0x1ffff080        0x8 load address 0x000053d0
 FILL mask 0xff
                0x1ffff080                _data = .
                [!provide]                PROVIDE (__start_data_RAM = .)
                [!provide]                PROVIDE (__start_data_SRAM = .)
 *(SORT_BY_ALIGNMENT(vtable))
 *(SORT_BY_ALIGNMENT(.ramfunc*))
 *(SORT_BY_ALIGNMENT(CodeQuickAccess))
 *(SORT_BY_ALIGNMENT(DataQuickAccess))
 *(SORT_BY_ALIGNMENT(RamFunction))
 *(SORT_BY_ALIGNMENT(.data*))
 .data.s_slowIrcFreq
                0x1ffff080        0x4 ./drivers/fsl_clock.o
 .data.SystemCoreClock
                0x1ffff084        0x4 ./CMSIS/system_MKL25Z4.o
                0x1ffff084                SystemCoreClock
                0x1ffff088                . = ALIGN (0x4)
                0x1ffff088                _edata = .
                [!provide]                PROVIDE (__end_data_RAM = .)
                [!provide]                PROVIDE (__end_data_SRAM = .)

.igot.plt       0x1ffff088        0x0 load address 0x000053d8
 .igot.plt      0x1ffff088        0x0 ./utilities/fsl_debug_console.o

.bss            0x1ffff088     0x2900
                0x1ffff088                _bss = .
                [!provide]                PROVIDE (__start_bss_RAM = .)
                [!provide]                PROVIDE (__start_bss_SRAM = .)
 *(SORT_BY_ALIGNMENT(.bss*))
 .bss.s_debugConsole
                0x1ffff088       0x10 ./utilities/fsl_debug_console.o
 .bss.adc_buffer
                0x1ffff098      0x800 ./source/DAC_ADC.o
                0x1ffff098                adc_buffer
 .bss.Reload_DMA_Source
                0x1ffff898        0x4 ./source/DMAfunctions.o
                0x1ffff898                Reload_DMA_Source
 .bss.Reload_DMA_Byte_Count
                0x1ffff89c        0x4 ./source/DMAfunctions.o
                0x1ffff89c                Reload_DMA_Byte_Count
 .bss.buffer_440
                0x1ffff8a0      0x800 ./source/Freqtones.o
                0x1ffff8a0                buffer_440
 .bss.buffer_587
                0x200000a0      0x800 ./source/Freqtones.o
                0x200000a0                buffer_587
 .bss.buffer_659
                0x200008a0      0x800 ./source/Freqtones.o
                0x200008a0                buffer_659
 .bss.buffer_880
                0x200010a0      0x800 ./source/Freqtones.o
                0x200010a0                buffer_880
 .bss.timerafterstart
                0x200018a0        0x4 ./source/systick.o
 .bss.count     0x200018a4        0x4 ./source/systick.o
                0x200018a4                count
 .bss.flag      0x200018a8        0x4 ./source/systick.o
                0x200018a8                flag
 .bss.g_xtal0Freq
                0x200018ac        0x4 ./drivers/fsl_clock.o
                0x200018ac                g_xtal0Freq
 .bss.s_lpsciHandle
                0x200018b0        0x4 ./drivers/fsl_lpsci.o
 .bss.s_lpsciIsr
                0x200018b4        0x4 ./drivers/fsl_lpsci.o
 .bss.s_uartHandle
                0x200018b8        0xc ./drivers/fsl_uart.o
 .bss.s_uartIsr
                0x200018c4        0x4 ./drivers/fsl_uart.o
 .bss.__Ciob    0x200018c8       0xb4 e:/sriraj/nxp/ide/plugins/com.nxp.mcuxpresso.tools.win32_11.6.0.202112161359/tools/bin/../lib/gcc/arm-none-eabi/10.3.1/../../../../arm-none-eabi/lib/thumb/v6-m/nofp\libcr_semihost_nf.a(__ciob.o)
                0x200018c8                __Ciob
 .bss.__end_of_heap
                0x2000197c        0x4 e:/sriraj/nxp/ide/plugins/com.nxp.mcuxpresso.tools.win32_11.6.0.202112161359/tools/bin/../lib/gcc/arm-none-eabi/10.3.1/../../../../arm-none-eabi/lib/thumb/v6-m/nofp\libcr_c.a(__init_alloc.o)
                0x2000197c                __end_of_heap
 .bss.__heaps   0x20001980        0x4 e:/sriraj/nxp/ide/plugins/com.nxp.mcuxpresso.tools.win32_11.6.0.202112161359/tools/bin/../lib/gcc/arm-none-eabi/10.3.1/../../../../arm-none-eabi/lib/thumb/v6-m/nofp\libcr_c.a(__init_alloc.o)
                0x20001980                __heaps
 .bss.errno     0x20001984        0x4 e:/sriraj/nxp/ide/plugins/com.nxp.mcuxpresso.tools.win32_11.6.0.202112161359/tools/bin/../lib/gcc/arm-none-eabi/10.3.1/../../../../arm-none-eabi/lib/thumb/v6-m/nofp\libcr_c.a(errno.o)
                0x20001984                errno
 *(SORT_BY_ALIGNMENT(COMMON))
                0x20001988                . = ALIGN (0x4)
                0x20001988                _ebss = .
                [!provide]                PROVIDE (__end_bss_RAM = .)
                [!provide]                PROVIDE (__end_bss_SRAM = .)
                [!provide]                PROVIDE (end = .)

.noinit         0x20001988        0x0
                0x20001988                _noinit = .
                [!provide]                PROVIDE (__start_noinit_RAM = .)
                [!provide]                PROVIDE (__start_noinit_SRAM = .)
 *(SORT_BY_ALIGNMENT(.noinit*))
                0x20001988                . = ALIGN (0x4)
                0x20001988                _end_noinit = .
                [!provide]                PROVIDE (__end_noinit_RAM = .)
                [!provide]                PROVIDE (__end_noinit_SRAM = .)

.ARM.extab
 *(SORT_BY_ALIGNMENT(.ARM.extab*) SORT_BY_ALIGNMENT(.gnu.linkonce.armextab.*))

.ARM.exidx      0x000053d8        0x0
                0x000053d8                __exidx_start = .
 *(SORT_BY_ALIGNMENT(.ARM.exidx*) SORT_BY_ALIGNMENT(.gnu.linkonce.armexidx.*))
                0x000053d8                __exidx_end = .
                0x00000400                _HeapSize = 0x400

.heap           0x20001988      0x400
                0x20001988                _pvHeapStart = .
                0x20001d88                . = (. + _HeapSize)
 *fill*         0x20001988      0x400 
                0x20001d88                . = ALIGN (0x4)
                0x20001d88                _pvHeapLimit = .
                0x00000400                _StackSize = 0x400

.heap2stackfill
                0x20001d88      0x400
                0x20002188                . = (. + _StackSize)
 *fill*         0x20001d88      0x400 

.stack          0x20002c00        0x0
                0x20002c00                _vStackBase = .
                0x20002c00                . = ALIGN (0x4)
                0x20003000                _vStackTop = (. + _StackSize)
                0x00000000                _image_start = LOADADDR (.text)
                0x000053d8                _image_end = (LOADADDR (.data) + SIZEOF (.data))
                0x000053d8                _image_size = (_image_end - _image_start)
OUTPUT(Freqtones.axf elf32-littlearm)
LOAD linker stubs

.debug_info     0x00000000     0x89a0
 .debug_info    0x00000000      0x8d2 ./utilities/fsl_debug_console.o
 .debug_info    0x000008d2      0x4eb ./startup/startup_mkl25z4.o
 .debug_info    0x00000dbd      0x920 ./source/DAC_ADC.o
 .debug_info    0x000016dd      0x845 ./source/DMAfunctions.o
 .debug_info    0x00001f22      0x33e ./source/Freqtones.o
 .debug_info    0x00002260      0x390 ./source/TPMfunctions.o
 .debug_info    0x000025f0      0x1aa ./source/autocorrelate.o
 .debug_info    0x0000279a       0x53 ./source/mtb.o
 .debug_info    0x000027ed       0x3c ./source/semihost_hardfault.o
 .debug_info    0x00002829      0x484 ./source/systick.o
 .debug_info    0x00002cad     0x1a5a ./drivers/fsl_clock.o
 .debug_info    0x00004707     0x140d ./drivers/fsl_lpsci.o
 .debug_info    0x00005b14     0x13ae ./drivers/fsl_uart.o
 .debug_info    0x00006ec2      0x39b ./board/board.o
 .debug_info    0x0000725d      0xabc ./board/clock_config.o
 .debug_info    0x00007d19       0x3c ./board/peripherals.o
 .debug_info    0x00007d55      0x547 ./board/pin_mux.o
 .debug_info    0x0000829c      0x401 ./CMSIS/system_MKL25Z4.o
 .debug_info    0x0000869d      0x303 C:/Users/USER/Documents/MCUXpressoIDE_11.6.0_8187/workspace/Freqtones/source/fp_trig.o

.debug_abbrev   0x00000000     0x1bba
 .debug_abbrev  0x00000000      0x1e8 ./utilities/fsl_debug_console.o
 .debug_abbrev  0x000001e8      0x198 ./startup/startup_mkl25z4.o
 .debug_abbrev  0x00000380      0x1a5 ./source/DAC_ADC.o
 .debug_abbrev  0x00000525      0x1e2 ./source/DMAfunctions.o
 .debug_abbrev  0x00000707       0xf8 ./source/Freqtones.o
 .debug_abbrev  0x000007ff       0xdd ./source/TPMfunctions.o
 .debug_abbrev  0x000008dc       0xb9 ./source/autocorrelate.o
 .debug_abbrev  0x00000995       0x46 ./source/mtb.o
 .debug_abbrev  0x000009db       0x31 ./source/semihost_hardfault.o
 .debug_abbrev  0x00000a0c      0x1b8 ./source/systick.o
 .debug_abbrev  0x00000bc4      0x357 ./drivers/fsl_clock.o
 .debug_abbrev  0x00000f1b      0x2d7 ./drivers/fsl_lpsci.o
 .debug_abbrev  0x000011f2      0x2f1 ./drivers/fsl_uart.o
 .debug_abbrev  0x000014e3      0x11b ./board/board.o
 .debug_abbrev  0x000015fe      0x201 ./board/clock_config.o
 .debug_abbrev  0x000017ff       0x31 ./board/peripherals.o
 .debug_abbrev  0x00001830      0x189 ./board/pin_mux.o
 .debug_abbrev  0x000019b9      0x12e ./CMSIS/system_MKL25Z4.o
 .debug_abbrev  0x00001ae7       0xd3 C:/Users/USER/Documents/MCUXpressoIDE_11.6.0_8187/workspace/Freqtones/source/fp_trig.o

.debug_aranges  0x00000000      0x898
 .debug_aranges
                0x00000000       0x58 ./utilities/fsl_debug_console.o
 .debug_aranges
                0x00000058      0x160 ./startup/startup_mkl25z4.o
 .debug_aranges
                0x000001b8       0x40 ./source/DAC_ADC.o
 .debug_aranges
                0x000001f8       0x48 ./source/DMAfunctions.o
 .debug_aranges
                0x00000240       0x20 ./source/Freqtones.o
 .debug_aranges
                0x00000260       0x28 ./source/TPMfunctions.o
 .debug_aranges
                0x00000288       0x20 ./source/autocorrelate.o
 .debug_aranges
                0x000002a8       0x18 ./source/mtb.o
 .debug_aranges
                0x000002c0       0x20 ./source/semihost_hardfault.o
 .debug_aranges
                0x000002e0       0x48 ./source/systick.o
 .debug_aranges
                0x00000328      0x1d8 ./drivers/fsl_clock.o
 .debug_aranges
                0x00000500      0x118 ./drivers/fsl_lpsci.o
 .debug_aranges
                0x00000618      0x130 ./drivers/fsl_uart.o
 .debug_aranges
                0x00000748       0x28 ./board/board.o
 .debug_aranges
                0x00000770       0x58 ./board/clock_config.o
 .debug_aranges
                0x000007c8       0x20 ./board/peripherals.o
 .debug_aranges
                0x000007e8       0x38 ./board/pin_mux.o
 .debug_aranges
                0x00000820       0x28 ./CMSIS/system_MKL25Z4.o
 .debug_aranges
                0x00000848       0x50 C:/Users/USER/Documents/MCUXpressoIDE_11.6.0_8187/workspace/Freqtones/source/fp_trig.o

.debug_ranges   0x00000000      0x760
 .debug_ranges  0x00000000       0x48 ./utilities/fsl_debug_console.o
 .debug_ranges  0x00000048      0x150 ./startup/startup_mkl25z4.o
 .debug_ranges  0x00000198       0x30 ./source/DAC_ADC.o
 .debug_ranges  0x000001c8       0x38 ./source/DMAfunctions.o
 .debug_ranges  0x00000200       0x10 ./source/Freqtones.o
 .debug_ranges  0x00000210       0x18 ./source/TPMfunctions.o
 .debug_ranges  0x00000228       0x10 ./source/autocorrelate.o
 .debug_ranges  0x00000238       0x10 ./source/semihost_hardfault.o
 .debug_ranges  0x00000248       0x38 ./source/systick.o
 .debug_ranges  0x00000280      0x1c8 ./drivers/fsl_clock.o
 .debug_ranges  0x00000448      0x108 ./drivers/fsl_lpsci.o
 .debug_ranges  0x00000550      0x120 ./drivers/fsl_uart.o
 .debug_ranges  0x00000670       0x18 ./board/board.o
 .debug_ranges  0x00000688       0x48 ./board/clock_config.o
 .debug_ranges  0x000006d0       0x10 ./board/peripherals.o
 .debug_ranges  0x000006e0       0x28 ./board/pin_mux.o
 .debug_ranges  0x00000708       0x18 ./CMSIS/system_MKL25Z4.o
 .debug_ranges  0x00000720       0x40 C:/Users/USER/Documents/MCUXpressoIDE_11.6.0_8187/workspace/Freqtones/source/fp_trig.o

.debug_macro    0x00000000     0x9b51
 .debug_macro   0x00000000      0x13a ./utilities/fsl_debug_console.o
 .debug_macro   0x0000013a      0xa84 ./utilities/fsl_debug_console.o
 .debug_macro   0x00000bbe       0x10 ./utilities/fsl_debug_console.o
 .debug_macro   0x00000bce       0x16 ./utilities/fsl_debug_console.o
 .debug_macro   0x00000be4       0x10 ./utilities/fsl_debug_console.o
 .debug_macro   0x00000bf4      0x12e ./utilities/fsl_debug_console.o
 .debug_macro   0x00000d22       0x28 ./utilities/fsl_debug_console.o
 .debug_macro   0x00000d4a       0xc4 ./utilities/fsl_debug_console.o
 .debug_macro   0x00000e0e       0x16 ./utilities/fsl_debug_console.o
 .debug_macro   0x00000e24       0x22 ./utilities/fsl_debug_console.o
 .debug_macro   0x00000e46      0x5b3 ./utilities/fsl_debug_console.o
 .debug_macro   0x000013f9       0x10 ./utilities/fsl_debug_console.o
 .debug_macro   0x00001409       0x3f ./utilities/fsl_debug_console.o
 .debug_macro   0x00001448       0x3a ./utilities/fsl_debug_console.o
 .debug_macro   0x00001482       0x26 ./utilities/fsl_debug_console.o
 .debug_macro   0x000014a8      0x329 ./utilities/fsl_debug_console.o
 .debug_macro   0x000017d1       0x30 ./utilities/fsl_debug_console.o
 .debug_macro   0x00001801     0x51e2 ./utilities/fsl_debug_console.o
 .debug_macro   0x000069e3     0x1352 ./utilities/fsl_debug_console.o
 .debug_macro   0x00007d35       0x3a ./utilities/fsl_debug_console.o
 .debug_macro   0x00007d6f       0xf4 ./utilities/fsl_debug_console.o
 .debug_macro   0x00007e63       0x35 ./utilities/fsl_debug_console.o
 .debug_macro   0x00007e98       0x9a ./utilities/fsl_debug_console.o
 .debug_macro   0x00007f32       0x2e ./utilities/fsl_debug_console.o
 .debug_macro   0x00007f60       0x10 ./utilities/fsl_debug_console.o
 .debug_macro   0x00007f70       0x10 ./utilities/fsl_debug_console.o
 .debug_macro   0x00007f80       0x29 ./startup/startup_mkl25z4.o
 .debug_macro   0x00007fa9      0x139 ./source/DAC_ADC.o
 .debug_macro   0x000080e2       0x34 ./source/DAC_ADC.o
 .debug_macro   0x00008116       0x22 ./source/DAC_ADC.o
 .debug_macro   0x00008138       0xa3 ./source/DMAfunctions.o
 .debug_macro   0x000081db       0xa0 ./source/DMAfunctions.o
 .debug_macro   0x0000827b      0x1ad ./source/Freqtones.o
 .debug_macro   0x00008428       0x16 ./source/Freqtones.o
 .debug_macro   0x0000843e       0x10 ./source/Freqtones.o
 .debug_macro   0x0000844e      0x112 ./source/Freqtones.o
 .debug_macro   0x00008560       0x34 ./source/Freqtones.o
 .debug_macro   0x00008594       0x94 ./source/TPMfunctions.o
 .debug_macro   0x00008628       0x58 ./source/autocorrelate.o
 .debug_macro   0x00008680       0x2f ./source/mtb.o
 .debug_macro   0x000086af       0x82 ./source/mtb.o
 .debug_macro   0x00008731       0x10 ./source/mtb.o
 .debug_macro   0x00008741       0x11 ./source/semihost_hardfault.o
 .debug_macro   0x00008752       0x92 ./source/systick.o
 .debug_macro   0x000087e4      0x196 ./drivers/fsl_clock.o
 .debug_macro   0x0000897a       0x1c ./drivers/fsl_clock.o
 .debug_macro   0x00008996       0xec ./drivers/fsl_lpsci.o
 .debug_macro   0x00008a82       0xf2 ./drivers/fsl_uart.o
 .debug_macro   0x00008b74      0x12b ./board/board.o
 .debug_macro   0x00008c9f      0x123 ./board/clock_config.o
 .debug_macro   0x00008dc2       0x1b ./board/peripherals.o
 .debug_macro   0x00008ddd      0x107 ./board/pin_mux.o
 .debug_macro   0x00008ee4       0x10 ./board/pin_mux.o
 .debug_macro   0x00008ef4       0x94 ./CMSIS/system_MKL25Z4.o
 .debug_macro   0x00008f88       0x67 C:/Users/USER/Documents/MCUXpressoIDE_11.6.0_8187/workspace/Freqtones/source/fp_trig.o
 .debug_macro   0x00008fef      0xa8a C:/Users/USER/Documents/MCUXpressoIDE_11.6.0_8187/workspace/Freqtones/source/fp_trig.o
 .debug_macro   0x00009a79       0xd8 C:/Users/USER/Documents/MCUXpressoIDE_11.6.0_8187/workspace/Freqtones/source/fp_trig.o

.debug_line     0x00000000     0x5b65
 .debug_line    0x00000000      0x4d3 ./utilities/fsl_debug_console.o
 .debug_line    0x000004d3      0x1ed ./startup/startup_mkl25z4.o
 .debug_line    0x000006c0      0x4cb ./source/DAC_ADC.o
 .debug_line    0x00000b8b      0x34c ./source/DMAfunctions.o
 .debug_line    0x00000ed7      0x4b2 ./source/Freqtones.o
 .debug_line    0x00001389      0x24e ./source/TPMfunctions.o
 .debug_line    0x000015d7      0x28b ./source/autocorrelate.o
 .debug_line    0x00001862       0xbe ./source/mtb.o
 .debug_line    0x00001920       0x59 ./source/semihost_hardfault.o
 .debug_line    0x00001979      0x306 ./source/systick.o
 .debug_line    0x00001c7f     0x12d6 ./drivers/fsl_clock.o
 .debug_line    0x00002f55      0xd4f ./drivers/fsl_lpsci.o
 .debug_line    0x00003ca4      0xd3e ./drivers/fsl_uart.o
 .debug_line    0x000049e2      0x391 ./board/board.o
 .debug_line    0x00004d73      0x3d3 ./board/clock_config.o
 .debug_line    0x00005146       0x5c ./board/peripherals.o
 .debug_line    0x000051a2      0x35a ./board/pin_mux.o
 .debug_line    0x000054fc      0x30d ./CMSIS/system_MKL25Z4.o
 .debug_line    0x00005809      0x35c C:/Users/USER/Documents/MCUXpressoIDE_11.6.0_8187/workspace/Freqtones/source/fp_trig.o

.debug_str      0x00000000    0x3608e
 .debug_str     0x00000000    0x3137c ./utilities/fsl_debug_console.o
                              0x315d2 (size before relaxing)
 .debug_str     0x0003137c      0x3cd ./startup/startup_mkl25z4.o
                               0x30d9 (size before relaxing)
 .debug_str     0x00031749      0x2c5 ./source/DAC_ADC.o
                              0x30dce (size before relaxing)
 .debug_str     0x00031a0e      0x2fd ./source/DMAfunctions.o
                              0x292a6 (size before relaxing)
 .debug_str     0x00031d0b      0xb7f ./source/Freqtones.o
                              0x31689 (size before relaxing)
 .debug_str     0x0003288a       0x65 ./source/TPMfunctions.o
                              0x28d69 (size before relaxing)
 .debug_str     0x000328ef       0x80 ./source/autocorrelate.o
                               0x455d (size before relaxing)
 .debug_str     0x0003296f      0x532 ./source/mtb.o
                               0x31f9 (size before relaxing)
 .debug_str     0x00032ea1       0x1f ./source/semihost_hardfault.o
                               0x2ce6 (size before relaxing)
 .debug_str     0x00032ec0       0x6a ./source/systick.o
                              0x28f09 (size before relaxing)
 .debug_str     0x00032f2a     0x1788 ./drivers/fsl_clock.o
                              0x321ae (size before relaxing)
 .debug_str     0x000346b2      0x970 ./drivers/fsl_lpsci.o
                              0x3179d (size before relaxing)
 .debug_str     0x00035022      0x832 ./drivers/fsl_uart.o
                              0x317c0 (size before relaxing)
 .debug_str     0x00035854       0x4c ./board/board.o
                              0x31180 (size before relaxing)
 .debug_str     0x000358a0      0x3c1 ./board/clock_config.o
                              0x310df (size before relaxing)
 .debug_str     0x00035c61       0x31 ./board/peripherals.o
                               0x2cf7 (size before relaxing)
 .debug_str     0x00035c92      0x1e1 ./board/pin_mux.o
                              0x30826 (size before relaxing)
 .debug_str     0x00035e73       0x4f ./CMSIS/system_MKL25Z4.o
                              0x2fb28 (size before relaxing)
 .debug_str     0x00035ec2      0x1cc C:/Users/USER/Documents/MCUXpressoIDE_11.6.0_8187/workspace/Freqtones/source/fp_trig.o
                               0x4820 (size before relaxing)

.comment        0x00000000       0x49
 .comment       0x00000000       0x49 ./utilities/fsl_debug_console.o
                                 0x4a (size before relaxing)
 .comment       0x00000049       0x4a ./startup/startup_mkl25z4.o
 .comment       0x00000049       0x4a ./source/DAC_ADC.o
 .comment       0x00000049       0x4a ./source/DMAfunctions.o
 .comment       0x00000049       0x4a ./source/Freqtones.o
 .comment       0x00000049       0x4a ./source/TPMfunctions.o
 .comment       0x00000049       0x4a ./source/autocorrelate.o
 .comment       0x00000049       0x4a ./source/mtb.o
 .comment       0x00000049       0x4a ./source/semihost_hardfault.o
 .comment       0x00000049       0x4a ./source/systick.o
 .comment       0x00000049       0x4a ./drivers/fsl_clock.o
 .comment       0x00000049       0x4a ./drivers/fsl_lpsci.o
 .comment       0x00000049       0x4a ./drivers/fsl_uart.o
 .comment       0x00000049       0x4a ./board/board.o
 .comment       0x00000049       0x4a ./board/clock_config.o
 .comment       0x00000049       0x4a ./board/peripherals.o
 .comment       0x00000049       0x4a ./board/pin_mux.o
 .comment       0x00000049       0x4a ./CMSIS/system_MKL25Z4.o
 .comment       0x00000049       0x4a C:/Users/USER/Documents/MCUXpressoIDE_11.6.0_8187/workspace/Freqtones/source/fp_trig.o
 .comment       0x00000049       0x4a e:/sriraj/nxp/ide/plugins/com.nxp.mcuxpresso.tools.win32_11.6.0.202112161359/tools/bin/../lib/gcc/arm-none-eabi/10.3.1/../../../../arm-none-eabi/lib/thumb/v6-m/nofp\libcr_semihost_nf.a(_cr__main.o)
 .comment       0x00000049       0x4a e:/sriraj/nxp/ide/plugins/com.nxp.mcuxpresso.tools.win32_11.6.0.202112161359/tools/bin/../lib/gcc/arm-none-eabi/10.3.1/../../../../arm-none-eabi/lib/thumb/v6-m/nofp\libcr_semihost_nf.a(_cr_assert.o)
 .comment       0x00000049       0x4a e:/sriraj/nxp/ide/plugins/com.nxp.mcuxpresso.tools.win32_11.6.0.202112161359/tools/bin/../lib/gcc/arm-none-eabi/10.3.1/../../../../arm-none-eabi/lib/thumb/v6-m/nofp\libcr_semihost_nf.a(__ciob.o)
 .comment       0x00000049       0x4a e:/sriraj/nxp/ide/plugins/com.nxp.mcuxpresso.tools.win32_11.6.0.202112161359/tools/bin/../lib/gcc/arm-none-eabi/10.3.1/../../../../arm-none-eabi/lib/thumb/v6-m/nofp\libcr_c.a(memset.o)
 .comment       0x00000049       0x4a e:/sriraj/nxp/ide/plugins/com.nxp.mcuxpresso.tools.win32_11.6.0.202112161359/tools/bin/../lib/gcc/arm-none-eabi/10.3.1/../../../../arm-none-eabi/lib/thumb/v6-m/nofp\libcr_c.a(_deferredlazyseek.o)
 .comment       0x00000049       0x4a e:/sriraj/nxp/ide/plugins/com.nxp.mcuxpresso.tools.win32_11.6.0.202112161359/tools/bin/../lib/gcc/arm-none-eabi/10.3.1/../../../../arm-none-eabi/lib/thumb/v6-m/nofp\libcr_c.a(_fflush.o)
 .comment       0x00000049       0x4a e:/sriraj/nxp/ide/plugins/com.nxp.mcuxpresso.tools.win32_11.6.0.202112161359/tools/bin/../lib/gcc/arm-none-eabi/10.3.1/../../../../arm-none-eabi/lib/thumb/v6-m/nofp\libcr_c.a(_writebuf.o)
 .comment       0x00000049       0x4a e:/sriraj/nxp/ide/plugins/com.nxp.mcuxpresso.tools.win32_11.6.0.202112161359/tools/bin/../lib/gcc/arm-none-eabi/10.3.1/../../../../arm-none-eabi/lib/thumb/v6-m/nofp\libcr_c.a(alloc.o)
 .comment       0x00000049       0x4a e:/sriraj/nxp/ide/plugins/com.nxp.mcuxpresso.tools.win32_11.6.0.202112161359/tools/bin/../lib/gcc/arm-none-eabi/10.3.1/../../../../arm-none-eabi/lib/thumb/v6-m/nofp\libcr_c.a(fpprintf.o)
 .comment       0x00000049       0x4a e:/sriraj/nxp/ide/plugins/com.nxp.mcuxpresso.tools.win32_11.6.0.202112161359/tools/bin/../lib/gcc/arm-none-eabi/10.3.1/../../../../arm-none-eabi/lib/thumb/v6-m/nofp\libcr_c.a(fputs.o)
 .comment       0x00000049       0x4a e:/sriraj/nxp/ide/plugins/com.nxp.mcuxpresso.tools.win32_11.6.0.202112161359/tools/bin/../lib/gcc/arm-none-eabi/10.3.1/../../../../arm-none-eabi/lib/thumb/v6-m/nofp\libcr_c.a(fseek.o)
 .comment       0x00000049       0x4a e:/sriraj/nxp/ide/plugins/com.nxp.mcuxpresso.tools.win32_11.6.0.202112161359/tools/bin/../lib/gcc/arm-none-eabi/10.3.1/../../../../arm-none-eabi/lib/thumb/v6-m/nofp\libcr_c.a(ftell.o)
 .comment       0x00000049       0x4a e:/sriraj/nxp/ide/plugins/com.nxp.mcuxpresso.tools.win32_11.6.0.202112161359/tools/bin/../lib/gcc/arm-none-eabi/10.3.1/../../../../arm-none-eabi/lib/thumb/v6-m/nofp\libcr_c.a(initio.o)
 .comment       0x00000049       0x4a e:/sriraj/nxp/ide/plugins/com.nxp.mcuxpresso.tools.win32_11.6.0.202112161359/tools/bin/../lib/gcc/arm-none-eabi/10.3.1/../../../../arm-none-eabi/lib/thumb/v6-m/nofp\libcr_c.a(printf.o)
 .comment       0x00000049       0x4a e:/sriraj/nxp/ide/plugins/com.nxp.mcuxpresso.tools.win32_11.6.0.202112161359/tools/bin/../lib/gcc/arm-none-eabi/10.3.1/../../../../arm-none-eabi/lib/thumb/v6-m/nofp\libcr_c.a(setvbuf.o)
 .comment       0x00000049       0x4a e:/sriraj/nxp/ide/plugins/com.nxp.mcuxpresso.tools.win32_11.6.0.202112161359/tools/bin/../lib/gcc/arm-none-eabi/10.3.1/../../../../arm-none-eabi/lib/thumb/v6-m/nofp\libcr_c.a(strlen.o)
 .comment       0x00000049       0x4a e:/sriraj/nxp/ide/plugins/com.nxp.mcuxpresso.tools.win32_11.6.0.202112161359/tools/bin/../lib/gcc/arm-none-eabi/10.3.1/../../../../arm-none-eabi/lib/thumb/v6-m/nofp\libcr_c.a(__init_alloc.o)
 .comment       0x00000049       0x4a e:/sriraj/nxp/ide/plugins/com.nxp.mcuxpresso.tools.win32_11.6.0.202112161359/tools/bin/../lib/gcc/arm-none-eabi/10.3.1/../../../../arm-none-eabi/lib/thumb/v6-m/nofp\libcr_c.a(_cr_sbrk.o)
 .comment       0x00000049       0x4a e:/sriraj/nxp/ide/plugins/com.nxp.mcuxpresso.tools.win32_11.6.0.202112161359/tools/bin/../lib/gcc/arm-none-eabi/10.3.1/../../../../arm-none-eabi/lib/thumb/v6-m/nofp\libcr_c.a(_fdopen.o)
 .comment       0x00000049       0x4a e:/sriraj/nxp/ide/plugins/com.nxp.mcuxpresso.tools.win32_11.6.0.202112161359/tools/bin/../lib/gcc/arm-none-eabi/10.3.1/../../../../arm-none-eabi/lib/thumb/v6-m/nofp\libcr_c.a(_frexpl.o)
 .comment       0x00000049       0x4a e:/sriraj/nxp/ide/plugins/com.nxp.mcuxpresso.tools.win32_11.6.0.202112161359/tools/bin/../lib/gcc/arm-none-eabi/10.3.1/../../../../arm-none-eabi/lib/thumb/v6-m/nofp\libcr_c.a(_ldexpl.o)
 .comment       0x00000049       0x4a e:/sriraj/nxp/ide/plugins/com.nxp.mcuxpresso.tools.win32_11.6.0.202112161359/tools/bin/../lib/gcc/arm-none-eabi/10.3.1/../../../../arm-none-eabi/lib/thumb/v6-m/nofp\libcr_c.a(errno.o)
 .comment       0x00000049       0x4a e:/sriraj/nxp/ide/plugins/com.nxp.mcuxpresso.tools.win32_11.6.0.202112161359/tools/bin/../lib/gcc/arm-none-eabi/10.3.1/../../../../arm-none-eabi/lib/thumb/v6-m/nofp\libcr_c.a(fclose.o)
 .comment       0x00000049       0x4a e:/sriraj/nxp/ide/plugins/com.nxp.mcuxpresso.tools.win32_11.6.0.202112161359/tools/bin/../lib/gcc/arm-none-eabi/10.3.1/../../../../arm-none-eabi/lib/thumb/v6-m/nofp\libcr_c.a(fflush.o)
 .comment       0x00000049       0x4a e:/sriraj/nxp/ide/plugins/com.nxp.mcuxpresso.tools.win32_11.6.0.202112161359/tools/bin/../lib/gcc/arm-none-eabi/10.3.1/../../../../arm-none-eabi/lib/thumb/v6-m/nofp\libcr_c.a(remove.o)
 .comment       0x00000049       0x4a e:/sriraj/nxp/ide/plugins/com.nxp.mcuxpresso.tools.win32_11.6.0.202112161359/tools/bin/../lib/gcc/arm-none-eabi/10.3.1/../../../../arm-none-eabi/lib/thumb/v6-m/nofp\libcr_c.a(_cr_check_heap.o)
 .comment       0x00000049       0x4a e:/sriraj/nxp/ide/plugins/com.nxp.mcuxpresso.tools.win32_11.6.0.202112161359/tools/bin/../lib/gcc/arm-none-eabi/10.3.1/../../../../arm-none-eabi/lib/thumb/v6-m/nofp\libcr_c.a(_do_fflush.o)
 .comment       0x00000049       0x4a e:/sriraj/nxp/ide/plugins/com.nxp.mcuxpresso.tools.win32_11.6.0.202112161359/tools/bin/../lib/gcc/arm-none-eabi/10.3.1/thumb/v6-m/nofp\libcr_eabihelpers.a(double.o)

.ARM.attributes
                0x00000000       0x2a
 .ARM.attributes
                0x00000000       0x2c ./utilities/fsl_debug_console.o
 .ARM.attributes
                0x0000002c       0x2c ./startup/startup_mkl25z4.o
 .ARM.attributes
                0x00000058       0x2c ./source/DAC_ADC.o
 .ARM.attributes
                0x00000084       0x2c ./source/DMAfunctions.o
 .ARM.attributes
                0x000000b0       0x2c ./source/Freqtones.o
 .ARM.attributes
                0x000000dc       0x2c ./source/TPMfunctions.o
 .ARM.attributes
                0x00000108       0x2c ./source/autocorrelate.o
 .ARM.attributes
                0x00000134       0x2c ./source/mtb.o
 .ARM.attributes
                0x00000160       0x2c ./source/semihost_hardfault.o
 .ARM.attributes
                0x0000018c       0x2c ./source/systick.o
 .ARM.attributes
                0x000001b8       0x2c ./drivers/fsl_clock.o
 .ARM.attributes
                0x000001e4       0x2c ./drivers/fsl_lpsci.o
 .ARM.attributes
                0x00000210       0x2c ./drivers/fsl_uart.o
 .ARM.attributes
                0x0000023c       0x2c ./board/board.o
 .ARM.attributes
                0x00000268       0x2c ./board/clock_config.o
 .ARM.attributes
                0x00000294       0x2c ./board/peripherals.o
 .ARM.attributes
                0x000002c0       0x2c ./board/pin_mux.o
 .ARM.attributes
                0x000002ec       0x2c ./CMSIS/system_MKL25Z4.o
 .ARM.attributes
                0x00000318       0x2c C:/Users/USER/Documents/MCUXpressoIDE_11.6.0_8187/workspace/Freqtones/source/fp_trig.o
 .ARM.attributes
                0x00000344       0x2c e:/sriraj/nxp/ide/plugins/com.nxp.mcuxpresso.tools.win32_11.6.0.202112161359/tools/bin/../lib/gcc/arm-none-eabi/10.3.1/../../../../arm-none-eabi/lib/thumb/v6-m/nofp\libcr_semihost_nf.a(_cr__main.o)
 .ARM.attributes
                0x00000370       0x2c e:/sriraj/nxp/ide/plugins/com.nxp.mcuxpresso.tools.win32_11.6.0.202112161359/tools/bin/../lib/gcc/arm-none-eabi/10.3.1/../../../../arm-none-eabi/lib/thumb/v6-m/nofp\libcr_semihost_nf.a(_cr_assert.o)
 .ARM.attributes
                0x0000039c       0x2c e:/sriraj/nxp/ide/plugins/com.nxp.mcuxpresso.tools.win32_11.6.0.202112161359/tools/bin/../lib/gcc/arm-none-eabi/10.3.1/../../../../arm-none-eabi/lib/thumb/v6-m/nofp\libcr_semihost_nf.a(__ciob.o)
 .ARM.attributes
                0x000003c8       0x1c e:/sriraj/nxp/ide/plugins/com.nxp.mcuxpresso.tools.win32_11.6.0.202112161359/tools/bin/../lib/gcc/arm-none-eabi/10.3.1/../../../../arm-none-eabi/lib/thumb/v6-m/nofp\libcr_semihost_nf.a(__sys_appexit.o)
 .ARM.attributes
                0x000003e4       0x2c e:/sriraj/nxp/ide/plugins/com.nxp.mcuxpresso.tools.win32_11.6.0.202112161359/tools/bin/../lib/gcc/arm-none-eabi/10.3.1/../../../../arm-none-eabi/lib/thumb/v6-m/nofp\libcr_c.a(memset.o)
 .ARM.attributes
                0x00000410       0x2c e:/sriraj/nxp/ide/plugins/com.nxp.mcuxpresso.tools.win32_11.6.0.202112161359/tools/bin/../lib/gcc/arm-none-eabi/10.3.1/../../../../arm-none-eabi/lib/thumb/v6-m/nofp\libcr_c.a(_deferredlazyseek.o)
 .ARM.attributes
                0x0000043c       0x2c e:/sriraj/nxp/ide/plugins/com.nxp.mcuxpresso.tools.win32_11.6.0.202112161359/tools/bin/../lib/gcc/arm-none-eabi/10.3.1/../../../../arm-none-eabi/lib/thumb/v6-m/nofp\libcr_c.a(_fflush.o)
 .ARM.attributes
                0x00000468       0x2c e:/sriraj/nxp/ide/plugins/com.nxp.mcuxpresso.tools.win32_11.6.0.202112161359/tools/bin/../lib/gcc/arm-none-eabi/10.3.1/../../../../arm-none-eabi/lib/thumb/v6-m/nofp\libcr_c.a(_writebuf.o)
 .ARM.attributes
                0x00000494       0x2c e:/sriraj/nxp/ide/plugins/com.nxp.mcuxpresso.tools.win32_11.6.0.202112161359/tools/bin/../lib/gcc/arm-none-eabi/10.3.1/../../../../arm-none-eabi/lib/thumb/v6-m/nofp\libcr_c.a(alloc.o)
 .ARM.attributes
                0x000004c0       0x2c e:/sriraj/nxp/ide/plugins/com.nxp.mcuxpresso.tools.win32_11.6.0.202112161359/tools/bin/../lib/gcc/arm-none-eabi/10.3.1/../../../../arm-none-eabi/lib/thumb/v6-m/nofp\libcr_c.a(fpprintf.o)
 .ARM.attributes
                0x000004ec       0x2c e:/sriraj/nxp/ide/plugins/com.nxp.mcuxpresso.tools.win32_11.6.0.202112161359/tools/bin/../lib/gcc/arm-none-eabi/10.3.1/../../../../arm-none-eabi/lib/thumb/v6-m/nofp\libcr_c.a(fputs.o)
 .ARM.attributes
                0x00000518       0x2c e:/sriraj/nxp/ide/plugins/com.nxp.mcuxpresso.tools.win32_11.6.0.202112161359/tools/bin/../lib/gcc/arm-none-eabi/10.3.1/../../../../arm-none-eabi/lib/thumb/v6-m/nofp\libcr_c.a(fseek.o)
 .ARM.attributes
                0x00000544       0x2c e:/sriraj/nxp/ide/plugins/com.nxp.mcuxpresso.tools.win32_11.6.0.202112161359/tools/bin/../lib/gcc/arm-none-eabi/10.3.1/../../../../arm-none-eabi/lib/thumb/v6-m/nofp\libcr_c.a(ftell.o)
 .ARM.attributes
                0x00000570       0x2c e:/sriraj/nxp/ide/plugins/com.nxp.mcuxpresso.tools.win32_11.6.0.202112161359/tools/bin/../lib/gcc/arm-none-eabi/10.3.1/../../../../arm-none-eabi/lib/thumb/v6-m/nofp\libcr_c.a(initio.o)
 .ARM.attributes
                0x0000059c       0x2c e:/sriraj/nxp/ide/plugins/com.nxp.mcuxpresso.tools.win32_11.6.0.202112161359/tools/bin/../lib/gcc/arm-none-eabi/10.3.1/../../../../arm-none-eabi/lib/thumb/v6-m/nofp\libcr_c.a(printf.o)
 .ARM.attributes
                0x000005c8       0x2c e:/sriraj/nxp/ide/plugins/com.nxp.mcuxpresso.tools.win32_11.6.0.202112161359/tools/bin/../lib/gcc/arm-none-eabi/10.3.1/../../../../arm-none-eabi/lib/thumb/v6-m/nofp\libcr_c.a(setvbuf.o)
 .ARM.attributes
                0x000005f4       0x2c e:/sriraj/nxp/ide/plugins/com.nxp.mcuxpresso.tools.win32_11.6.0.202112161359/tools/bin/../lib/gcc/arm-none-eabi/10.3.1/../../../../arm-none-eabi/lib/thumb/v6-m/nofp\libcr_c.a(strlen.o)
 .ARM.attributes
                0x00000620       0x2c e:/sriraj/nxp/ide/plugins/com.nxp.mcuxpresso.tools.win32_11.6.0.202112161359/tools/bin/../lib/gcc/arm-none-eabi/10.3.1/../../../../arm-none-eabi/lib/thumb/v6-m/nofp\libcr_c.a(__init_alloc.o)
 .ARM.attributes
                0x0000064c       0x2c e:/sriraj/nxp/ide/plugins/com.nxp.mcuxpresso.tools.win32_11.6.0.202112161359/tools/bin/../lib/gcc/arm-none-eabi/10.3.1/../../../../arm-none-eabi/lib/thumb/v6-m/nofp\libcr_c.a(_cr_sbrk.o)
 .ARM.attributes
                0x00000678       0x2c e:/sriraj/nxp/ide/plugins/com.nxp.mcuxpresso.tools.win32_11.6.0.202112161359/tools/bin/../lib/gcc/arm-none-eabi/10.3.1/../../../../arm-none-eabi/lib/thumb/v6-m/nofp\libcr_c.a(_fdopen.o)
 .ARM.attributes
                0x000006a4       0x2c e:/sriraj/nxp/ide/plugins/com.nxp.mcuxpresso.tools.win32_11.6.0.202112161359/tools/bin/../lib/gcc/arm-none-eabi/10.3.1/../../../../arm-none-eabi/lib/thumb/v6-m/nofp\libcr_c.a(_frexpl.o)
 .ARM.attributes
                0x000006d0       0x2c e:/sriraj/nxp/ide/plugins/com.nxp.mcuxpresso.tools.win32_11.6.0.202112161359/tools/bin/../lib/gcc/arm-none-eabi/10.3.1/../../../../arm-none-eabi/lib/thumb/v6-m/nofp\libcr_c.a(_ldexpl.o)
 .ARM.attributes
                0x000006fc       0x2c e:/sriraj/nxp/ide/plugins/com.nxp.mcuxpresso.tools.win32_11.6.0.202112161359/tools/bin/../lib/gcc/arm-none-eabi/10.3.1/../../../../arm-none-eabi/lib/thumb/v6-m/nofp\libcr_c.a(errno.o)
 .ARM.attributes
                0x00000728       0x2c e:/sriraj/nxp/ide/plugins/com.nxp.mcuxpresso.tools.win32_11.6.0.202112161359/tools/bin/../lib/gcc/arm-none-eabi/10.3.1/../../../../arm-none-eabi/lib/thumb/v6-m/nofp\libcr_c.a(fclose.o)
 .ARM.attributes
                0x00000754       0x2c e:/sriraj/nxp/ide/plugins/com.nxp.mcuxpresso.tools.win32_11.6.0.202112161359/tools/bin/../lib/gcc/arm-none-eabi/10.3.1/../../../../arm-none-eabi/lib/thumb/v6-m/nofp\libcr_c.a(fflush.o)
 .ARM.attributes
                0x00000780       0x2c e:/sriraj/nxp/ide/plugins/com.nxp.mcuxpresso.tools.win32_11.6.0.202112161359/tools/bin/../lib/gcc/arm-none-eabi/10.3.1/../../../../arm-none-eabi/lib/thumb/v6-m/nofp\libcr_c.a(remove.o)
 .ARM.attributes
                0x000007ac       0x2c e:/sriraj/nxp/ide/plugins/com.nxp.mcuxpresso.tools.win32_11.6.0.202112161359/tools/bin/../lib/gcc/arm-none-eabi/10.3.1/../../../../arm-none-eabi/lib/thumb/v6-m/nofp\libcr_c.a(_cr_check_heap.o)
 .ARM.attributes
                0x000007d8       0x2c e:/sriraj/nxp/ide/plugins/com.nxp.mcuxpresso.tools.win32_11.6.0.202112161359/tools/bin/../lib/gcc/arm-none-eabi/10.3.1/../../../../arm-none-eabi/lib/thumb/v6-m/nofp\libcr_c.a(_do_fflush.o)
 .ARM.attributes
                0x00000804       0x1c e:/sriraj/nxp/ide/plugins/com.nxp.mcuxpresso.tools.win32_11.6.0.202112161359/tools/bin/../lib/gcc/arm-none-eabi/10.3.1/thumb/v6-m/nofp\libcr_eabihelpers.a(division_32.o)
 .ARM.attributes
                0x00000820       0x1c e:/sriraj/nxp/ide/plugins/com.nxp.mcuxpresso.tools.win32_11.6.0.202112161359/tools/bin/../lib/gcc/arm-none-eabi/10.3.1/thumb/v6-m/nofp\libcr_eabihelpers.a(division_idiv0.o)
 .ARM.attributes
                0x0000083c       0x2c e:/sriraj/nxp/ide/plugins/com.nxp.mcuxpresso.tools.win32_11.6.0.202112161359/tools/bin/../lib/gcc/arm-none-eabi/10.3.1/thumb/v6-m/nofp\libcr_eabihelpers.a(double.o)
 .ARM.attributes
                0x00000868       0x1c e:/sriraj/nxp/ide/plugins/com.nxp.mcuxpresso.tools.win32_11.6.0.202112161359/tools/bin/../lib/gcc/arm-none-eabi/10.3.1/thumb/v6-m/nofp\libcr_eabihelpers.a(llong.o)
 .ARM.attributes
                0x00000884       0x1c e:/sriraj/nxp/ide/plugins/com.nxp.mcuxpresso.tools.win32_11.6.0.202112161359/tools/bin/../lib/gcc/arm-none-eabi/10.3.1/thumb/v6-m/nofp\libcr_eabihelpers.a(memcpy.o)
 .ARM.attributes
                0x000008a0       0x1c e:/sriraj/nxp/ide/plugins/com.nxp.mcuxpresso.tools.win32_11.6.0.202112161359/tools/bin/../lib/gcc/arm-none-eabi/10.3.1/thumb/v6-m/nofp\libcr_eabihelpers.a(thumb1_switch_helpers.o)
 .ARM.attributes
                0x000008bc       0x1c e:/sriraj/nxp/ide/plugins/com.nxp.mcuxpresso.tools.win32_11.6.0.202112161359/tools/bin/../lib/gcc/arm-none-eabi/10.3.1/../../../../arm-none-eabi/lib/thumb/v6-m/nofp\libcr_semihost_nf.a(__sys_close.o)
 .ARM.attributes
                0x000008d8       0x1c e:/sriraj/nxp/ide/plugins/com.nxp.mcuxpresso.tools.win32_11.6.0.202112161359/tools/bin/../lib/gcc/arm-none-eabi/10.3.1/../../../../arm-none-eabi/lib/thumb/v6-m/nofp\libcr_semihost_nf.a(__sys_flen.o)
 .ARM.attributes
                0x000008f4       0x1c e:/sriraj/nxp/ide/plugins/com.nxp.mcuxpresso.tools.win32_11.6.0.202112161359/tools/bin/../lib/gcc/arm-none-eabi/10.3.1/../../../../arm-none-eabi/lib/thumb/v6-m/nofp\libcr_semihost_nf.a(__sys_istty.o)
 .ARM.attributes
                0x00000910       0x1c e:/sriraj/nxp/ide/plugins/com.nxp.mcuxpresso.tools.win32_11.6.0.202112161359/tools/bin/../lib/gcc/arm-none-eabi/10.3.1/../../../../arm-none-eabi/lib/thumb/v6-m/nofp\libcr_semihost_nf.a(__sys_remove.o)
 .ARM.attributes
                0x0000092c       0x1c e:/sriraj/nxp/ide/plugins/com.nxp.mcuxpresso.tools.win32_11.6.0.202112161359/tools/bin/../lib/gcc/arm-none-eabi/10.3.1/../../../../arm-none-eabi/lib/thumb/v6-m/nofp\libcr_semihost_nf.a(__sys_seek.o)
 .ARM.attributes
                0x00000948       0x1c e:/sriraj/nxp/ide/plugins/com.nxp.mcuxpresso.tools.win32_11.6.0.202112161359/tools/bin/../lib/gcc/arm-none-eabi/10.3.1/../../../../arm-none-eabi/lib/thumb/v6-m/nofp\libcr_semihost_nf.a(__sys_tmpnam.o)

.debug_frame    0x00000000     0x1a48
 .debug_frame   0x00000000      0x10c ./utilities/fsl_debug_console.o
 .debug_frame   0x0000010c      0x3b0 ./startup/startup_mkl25z4.o
 .debug_frame   0x000004bc       0xa8 ./source/DAC_ADC.o
 .debug_frame   0x00000564       0xc8 ./source/DMAfunctions.o
 .debug_frame   0x0000062c       0x30 ./source/Freqtones.o
 .debug_frame   0x0000065c       0x48 ./source/TPMfunctions.o
 .debug_frame   0x000006a4       0x30 ./source/autocorrelate.o
 .debug_frame   0x000006d4       0x20 ./source/semihost_hardfault.o
 .debug_frame   0x000006f4       0xbc ./source/systick.o
 .debug_frame   0x000007b0      0x6e0 ./drivers/fsl_clock.o
 .debug_frame   0x00000e90      0x414 ./drivers/fsl_lpsci.o
 .debug_frame   0x000012a4      0x464 ./drivers/fsl_uart.o
 .debug_frame   0x00001708       0x50 ./board/board.o
 .debug_frame   0x00001758      0x100 ./board/clock_config.o
 .debug_frame   0x00001858       0x2c ./board/peripherals.o
 .debug_frame   0x00001884       0x88 ./board/pin_mux.o
 .debug_frame   0x0000190c       0x4c ./CMSIS/system_MKL25Z4.o
 .debug_frame   0x00001958       0xf0 C:/Users/USER/Documents/MCUXpressoIDE_11.6.0_8187/workspace/Freqtones/source/fp_trig.o

Cross Reference Table

Symbol                                            File
ADC0_DriverIRQHandler                             ./startup/startup_mkl25z4.o
ADC0_IRQHandler                                   ./startup/startup_mkl25z4.o
ADC0_init                                         ./source/DAC_ADC.o
                                                  ./source/Freqtones.o
BOARD_BootClockRUN                                ./board/clock_config.o
BOARD_BootClockVLPR                               ./board/clock_config.o
BOARD_InitBootClocks                              ./board/clock_config.o
                                                  ./source/Freqtones.o
BOARD_InitBootPeripherals                         ./board/peripherals.o
                                                  ./source/Freqtones.o
BOARD_InitBootPins                                ./board/pin_mux.o
                                                  ./source/Freqtones.o
BOARD_InitDebugConsole                            ./board/board.o
                                                  ./source/Freqtones.o
BOARD_InitPins                                    ./board/pin_mux.o
CLOCK_BootToBlpeMode                              ./drivers/fsl_clock.o
CLOCK_BootToBlpiMode                              ./drivers/fsl_clock.o
                                                  ./board/clock_config.o
CLOCK_BootToFeeMode                               ./drivers/fsl_clock.o
CLOCK_BootToFeiMode                               ./drivers/fsl_clock.o
CLOCK_BootToPeeMode                               ./drivers/fsl_clock.o
                                                  ./board/clock_config.o
CLOCK_CalcPllDiv                                  ./drivers/fsl_clock.o
CLOCK_ClearStatusFlags                            ./drivers/fsl_clock.o
CLOCK_DeinitOsc0                                  ./drivers/fsl_clock.o
CLOCK_EnablePll0                                  ./drivers/fsl_clock.o
CLOCK_EnableUsbfs0Clock                           ./drivers/fsl_clock.o
CLOCK_ExternalModeToFbeModeQuick                  ./drivers/fsl_clock.o
CLOCK_FllStableDelay                              ./drivers/fsl_clock.o
CLOCK_GetBusClkFreq                               ./drivers/fsl_clock.o
CLOCK_GetCoreSysClkFreq                           ./drivers/fsl_clock.o
CLOCK_GetEr32kClkFreq                             ./drivers/fsl_clock.o
CLOCK_GetFixedFreqClkFreq                         ./drivers/fsl_clock.o
CLOCK_GetFlashClkFreq                             ./drivers/fsl_clock.o
CLOCK_GetFllFreq                                  ./drivers/fsl_clock.o
CLOCK_GetFreq                                     ./drivers/fsl_clock.o
CLOCK_GetInternalRefClkFreq                       ./drivers/fsl_clock.o
CLOCK_GetMode                                     ./drivers/fsl_clock.o
CLOCK_GetOsc0ErClkFreq                            ./drivers/fsl_clock.o
CLOCK_GetOutClkFreq                               ./drivers/fsl_clock.o
CLOCK_GetPlatClkFreq                              ./drivers/fsl_clock.o
CLOCK_GetPll0Freq                                 ./drivers/fsl_clock.o
CLOCK_GetPllFllSelClkFreq                         ./drivers/fsl_clock.o
                                                  ./board/board.o
CLOCK_GetStatusFlags                              ./drivers/fsl_clock.o
CLOCK_InitOsc0                                    ./drivers/fsl_clock.o
                                                  ./board/clock_config.o
CLOCK_InternalModeToFbiModeQuick                  ./drivers/fsl_clock.o
CLOCK_SetBlpeMode                                 ./drivers/fsl_clock.o
CLOCK_SetBlpiMode                                 ./drivers/fsl_clock.o
CLOCK_SetExternalRefClkConfig                     ./drivers/fsl_clock.o
CLOCK_SetFbeMode                                  ./drivers/fsl_clock.o
CLOCK_SetFbiMode                                  ./drivers/fsl_clock.o
CLOCK_SetFeeMode                                  ./drivers/fsl_clock.o
CLOCK_SetFeiMode                                  ./drivers/fsl_clock.o
CLOCK_SetInternalRefClkConfig                     ./drivers/fsl_clock.o
                                                  ./board/clock_config.o
CLOCK_SetMcgConfig                                ./drivers/fsl_clock.o
CLOCK_SetOsc0MonitorMode                          ./drivers/fsl_clock.o
CLOCK_SetPbeMode                                  ./drivers/fsl_clock.o
CLOCK_SetPeeMode                                  ./drivers/fsl_clock.o
CLOCK_SetPll0MonitorMode                          ./drivers/fsl_clock.o
CLOCK_SetSimConfig                                ./drivers/fsl_clock.o
                                                  ./board/clock_config.o
CLOCK_TrimInternalRefClk                          ./drivers/fsl_clock.o
CMP0_DriverIRQHandler                             ./startup/startup_mkl25z4.o
CMP0_IRQHandler                                   ./startup/startup_mkl25z4.o
DAC0_DriverIRQHandler                             ./startup/startup_mkl25z4.o
DAC0_IRQHandler                                   ./startup/startup_mkl25z4.o
DMA0_DriverIRQHandler                             ./startup/startup_mkl25z4.o
DMA0_IRQHandler                                   ./source/DMAfunctions.o
                                                  ./startup/startup_mkl25z4.o
DMA1_DriverIRQHandler                             ./startup/startup_mkl25z4.o
DMA1_IRQHandler                                   ./startup/startup_mkl25z4.o
DMA2_DriverIRQHandler                             ./startup/startup_mkl25z4.o
DMA2_IRQHandler                                   ./startup/startup_mkl25z4.o
DMA3_DriverIRQHandler                             ./startup/startup_mkl25z4.o
DMA3_IRQHandler                                   ./startup/startup_mkl25z4.o
DMA_Playback_Count                                ./source/DMAfunctions.o
DbgConsole_Deinit                                 ./utilities/fsl_debug_console.o
DbgConsole_Init                                   ./utilities/fsl_debug_console.o
                                                  ./board/board.o
FLASH_Erase                                       ./drivers/fsl_flash.o
FLASH_EraseAll                                    ./drivers/fsl_flash.o
FLASH_EraseAllExecuteOnlySegments                 ./drivers/fsl_flash.o
FLASH_GetProperty                                 ./drivers/fsl_flash.o
FLASH_GetSecurityState                            ./drivers/fsl_flash.o
FLASH_Init                                        ./drivers/fsl_flash.o
FLASH_IsExecuteOnly                               ./drivers/fsl_flash.o
FLASH_IsProtected                                 ./drivers/fsl_flash.o
FLASH_PflashGetPrefetchSpeculation                ./drivers/fsl_flash.o
FLASH_PflashGetProtection                         ./drivers/fsl_flash.o
FLASH_PflashSetPrefetchSpeculation                ./drivers/fsl_flash.o
                                                  ./drivers/fsl_smc.o
FLASH_PflashSetProtection                         ./drivers/fsl_flash.o
FLASH_PrepareExecuteInRamFunctions                ./drivers/fsl_flash.o
FLASH_Program                                     ./drivers/fsl_flash.o
FLASH_ProgramOnce                                 ./drivers/fsl_flash.o
FLASH_ReadOnce                                    ./drivers/fsl_flash.o
FLASH_ReadResource                                ./drivers/fsl_flash.o
FLASH_SecurityBypass                              ./drivers/fsl_flash.o
FLASH_SetCallback                                 ./drivers/fsl_flash.o
FLASH_SetProperty                                 ./drivers/fsl_flash.o
FLASH_VerifyErase                                 ./drivers/fsl_flash.o
FLASH_VerifyEraseAll                              ./drivers/fsl_flash.o
FLASH_VerifyEraseAllExecuteOnlySegments           ./drivers/fsl_flash.o
FLASH_VerifyProgram                               ./drivers/fsl_flash.o
FTFA_DriverIRQHandler                             ./startup/startup_mkl25z4.o
FTFA_IRQHandler                                   ./startup/startup_mkl25z4.o
Flash_Config                                      ./startup/startup_mkl25z4.o
GPIO_ClearPinsInterruptFlags                      ./drivers/fsl_gpio.o
GPIO_GetPinsInterruptFlags                        ./drivers/fsl_gpio.o
GPIO_PinInit                                      ./drivers/fsl_gpio.o
HardFault_Handler                                 ./source/semihost_hardfault.o
                                                  ./startup/startup_mkl25z4.o
I2C0_DriverIRQHandler                             ./startup/startup_mkl25z4.o
I2C0_IRQHandler                                   ./startup/startup_mkl25z4.o
I2C1_DriverIRQHandler                             ./startup/startup_mkl25z4.o
I2C1_IRQHandler                                   ./startup/startup_mkl25z4.o
Init_DAC                                          ./source/DAC_ADC.o
                                                  ./source/Freqtones.o
Init_DMA                                          ./source/DMAfunctions.o
                                                  ./source/Freqtones.o
InstallIRQHandler                                 ./drivers/fsl_common.o
IntDefaultHandler                                 ./startup/startup_mkl25z4.o
LLWU_DriverIRQHandler                             ./startup/startup_mkl25z4.o
LLWU_IRQHandler                                   ./startup/startup_mkl25z4.o
LPSCI_ClearStatusFlags                            ./drivers/fsl_lpsci.o
LPSCI_Deinit                                      ./drivers/fsl_lpsci.o
                                                  ./utilities/fsl_debug_console.o
LPSCI_DisableInterrupts                           ./drivers/fsl_lpsci.o
LPSCI_EnableInterrupts                            ./drivers/fsl_lpsci.o
LPSCI_GetDefaultConfig                            ./drivers/fsl_lpsci.o
                                                  ./utilities/fsl_debug_console.o
LPSCI_GetEnabledInterrupts                        ./drivers/fsl_lpsci.o
LPSCI_GetInstance                                 ./drivers/fsl_lpsci.o
LPSCI_GetStatusFlags                              ./drivers/fsl_lpsci.o
LPSCI_Init                                        ./drivers/fsl_lpsci.o
                                                  ./utilities/fsl_debug_console.o
LPSCI_ReadBlocking                                ./drivers/fsl_lpsci.o
                                                  ./utilities/fsl_debug_console.o
LPSCI_SetBaudRate                                 ./drivers/fsl_lpsci.o
LPSCI_TransferAbortReceive                        ./drivers/fsl_lpsci.o
LPSCI_TransferAbortSend                           ./drivers/fsl_lpsci.o
LPSCI_TransferCreateHandle                        ./drivers/fsl_lpsci.o
LPSCI_TransferGetReceiveCount                     ./drivers/fsl_lpsci.o
LPSCI_TransferGetSendCount                        ./drivers/fsl_lpsci.o
LPSCI_TransferHandleErrorIRQ                      ./drivers/fsl_lpsci.o
LPSCI_TransferHandleIRQ                           ./drivers/fsl_lpsci.o
LPSCI_TransferReceiveNonBlocking                  ./drivers/fsl_lpsci.o
LPSCI_TransferSendNonBlocking                     ./drivers/fsl_lpsci.o
LPSCI_TransferStartRingBuffer                     ./drivers/fsl_lpsci.o
LPSCI_TransferStopRingBuffer                      ./drivers/fsl_lpsci.o
LPSCI_WriteBlocking                               ./drivers/fsl_lpsci.o
                                                  ./utilities/fsl_debug_console.o
LPTMR0_DriverIRQHandler                           ./startup/startup_mkl25z4.o
LPTMR0_IRQHandler                                 ./startup/startup_mkl25z4.o
LVD_LVW_DriverIRQHandler                          ./startup/startup_mkl25z4.o
LVD_LVW_IRQHandler                                ./startup/startup_mkl25z4.o
MCG_DriverIRQHandler                              ./startup/startup_mkl25z4.o
MCG_IRQHandler                                    ./startup/startup_mkl25z4.o
NMI_Handler                                       ./startup/startup_mkl25z4.o
PIT_DriverIRQHandler                              ./startup/startup_mkl25z4.o
PIT_IRQHandler                                    ./startup/startup_mkl25z4.o
PORTA_DriverIRQHandler                            ./startup/startup_mkl25z4.o
PORTA_IRQHandler                                  ./startup/startup_mkl25z4.o
PORTD_DriverIRQHandler                            ./startup/startup_mkl25z4.o
PORTD_IRQHandler                                  ./startup/startup_mkl25z4.o
PendSV_Handler                                    ./startup/startup_mkl25z4.o
RTC_DriverIRQHandler                              ./startup/startup_mkl25z4.o
RTC_IRQHandler                                    ./startup/startup_mkl25z4.o
RTC_Seconds_DriverIRQHandler                      ./startup/startup_mkl25z4.o
RTC_Seconds_IRQHandler                            ./startup/startup_mkl25z4.o
Reload_DMA_Byte_Count                             ./source/DMAfunctions.o
Reload_DMA_Source                                 ./source/DMAfunctions.o
Reserved20_DriverIRQHandler                       ./startup/startup_mkl25z4.o
Reserved20_IRQHandler                             ./startup/startup_mkl25z4.o
Reserved39_DriverIRQHandler                       ./startup/startup_mkl25z4.o
Reserved39_IRQHandler                             ./startup/startup_mkl25z4.o
Reserved45_DriverIRQHandler                       ./startup/startup_mkl25z4.o
Reserved45_IRQHandler                             ./startup/startup_mkl25z4.o
ResetISR                                          ./startup/startup_mkl25z4.o
SMC_PostExitStopModes                             ./drivers/fsl_smc.o
SMC_PreEnterStopModes                             ./drivers/fsl_smc.o
SMC_SetPowerModeLls                               ./drivers/fsl_smc.o
SMC_SetPowerModeRun                               ./drivers/fsl_smc.o
SMC_SetPowerModeStop                              ./drivers/fsl_smc.o
SMC_SetPowerModeVlls                              ./drivers/fsl_smc.o
SMC_SetPowerModeVlpr                              ./drivers/fsl_smc.o
                                                  ./board/clock_config.o
SMC_SetPowerModeVlps                              ./drivers/fsl_smc.o
SMC_SetPowerModeVlpw                              ./drivers/fsl_smc.o
SMC_SetPowerModeWait                              ./drivers/fsl_smc.o
SPI0_DriverIRQHandler                             ./startup/startup_mkl25z4.o
SPI0_IRQHandler                                   ./startup/startup_mkl25z4.o
SPI1_DriverIRQHandler                             ./startup/startup_mkl25z4.o
SPI1_IRQHandler                                   ./startup/startup_mkl25z4.o
SVC_Handler                                       ./startup/startup_mkl25z4.o
Start_DMA_transfer                                ./source/DMAfunctions.o